<?xml version="1.0" encoding="ISO-8859-1" ?>
<link_info>
   <banner>TMS320C2000 Linker Unix v20.2.5.LTS</banner>
   <copyright>Copyright (c) 1996-2018 Texas Instruments Incorporated</copyright>
   <link_time>0x61b8ab79</link_time>
   <link_errors>0x0</link_errors>
   <output_file>sw20200507.out</output_file>
   <entry_point>
      <name>code_start</name>
      <address>0x80000</address>
   </entry_point>
   <input_file_list>
      <input_file id="fl-2">
         <path>./</path>
         <kind>object</kind>
         <file>f28004x_globalvariabledefs.obj</file>
         <name>f28004x_globalvariabledefs.obj</name>
      </input_file>
      <input_file id="fl-3">
         <path>./</path>
         <kind>object</kind>
         <file>fullbridge.obj</file>
         <name>fullbridge.obj</name>
      </input_file>
      <input_file id="fl-4">
         <path>./</path>
         <kind>object</kind>
         <file>inv_cla.obj</file>
         <name>inv_cla.obj</name>
      </input_file>
      <input_file id="fl-5">
         <path>./</path>
         <kind>object</kind>
         <file>main.obj</file>
         <name>main.obj</name>
      </input_file>
      <input_file id="fl-6">
         <path>./_module/mdlADC/</path>
         <kind>object</kind>
         <file>mdlADC.obj</file>
         <name>mdlADC.obj</name>
      </input_file>
      <input_file id="fl-7">
         <path>./_module/mdlCAN/</path>
         <kind>object</kind>
         <file>mdlCAN.obj</file>
         <name>mdlCAN.obj</name>
      </input_file>
      <input_file id="fl-8">
         <path>./_module/mdlCMPSS/</path>
         <kind>object</kind>
         <file>mdlCMPSS.obj</file>
         <name>mdlCMPSS.obj</name>
      </input_file>
      <input_file id="fl-9">
         <path>./_module/mdlDebounce/</path>
         <kind>object</kind>
         <file>mdlDebounce.obj</file>
         <name>mdlDebounce.obj</name>
      </input_file>
      <input_file id="fl-a">
         <path>./_module/mdlEPWM/</path>
         <kind>object</kind>
         <file>mdlEPWM.obj</file>
         <name>mdlEPWM.obj</name>
      </input_file>
      <input_file id="fl-b">
         <path>./_module/mdlError/</path>
         <kind>object</kind>
         <file>mdlError.obj</file>
         <name>mdlError.obj</name>
      </input_file>
      <input_file id="fl-c">
         <path>./_module/mdlHAL/</path>
         <kind>object</kind>
         <file>mdlHAL.obj</file>
         <name>mdlHAL.obj</name>
      </input_file>
      <input_file id="fl-d">
         <path>./_module/mdlMeasurement/</path>
         <kind>object</kind>
         <file>mdlMeasurement.obj</file>
         <name>mdlMeasurement.obj</name>
      </input_file>
      <input_file id="fl-e">
         <path>./_module/mdlMonitor/</path>
         <kind>object</kind>
         <file>mdlMonitor.obj</file>
         <name>mdlMonitor.obj</name>
      </input_file>
      <input_file id="fl-f">
         <path>./_module/mdlNTC/</path>
         <kind>object</kind>
         <file>mdlNTC.obj</file>
         <name>mdlNTC.obj</name>
      </input_file>
      <input_file id="fl-10">
         <path>./_module/mdlOpsMode/</path>
         <kind>object</kind>
         <file>mdlOpsMode.obj</file>
         <name>mdlOpsMode.obj</name>
      </input_file>
      <input_file id="fl-11">
         <path>./_module/mdlSCI/</path>
         <kind>object</kind>
         <file>mdlSCI.obj</file>
         <name>mdlSCI.obj</name>
      </input_file>
      <input_file id="fl-12">
         <path>./_module/mdlSM/</path>
         <kind>object</kind>
         <file>SMHandler.obj</file>
         <name>SMHandler.obj</name>
      </input_file>
      <input_file id="fl-13">
         <path>./_module/mdlSM/</path>
         <kind>object</kind>
         <file>mdlSM.obj</file>
         <name>mdlSM.obj</name>
      </input_file>
      <input_file id="fl-14">
         <path>./device/</path>
         <kind>object</kind>
         <file>device.obj</file>
         <name>device.obj</name>
      </input_file>
      <input_file id="fl-15">
         <path>./device/</path>
         <kind>object</kind>
         <file>f28004x_codestartbranch.obj</file>
         <name>f28004x_codestartbranch.obj</name>
      </input_file>
      <input_file id="fl-16">
         <path>./digitalControllerLibrary/</path>
         <kind>object</kind>
         <file>DCL_DF22_CLA.obj</file>
         <name>DCL_DF22_CLA.obj</name>
      </input_file>
      <input_file id="fl-17">
         <path>./digitalControllerLibrary/</path>
         <kind>object</kind>
         <file>DCL_PI_CLA.obj</file>
         <name>DCL_PI_CLA.obj</name>
      </input_file>
      <input_file id="fl-1e">
         <kind>object</kind>
         <file>&lt;internal&gt;</file>
         <name>&lt;internal&gt;</name>
      </input_file>
      <input_file id="fl-22">
         <path>../f28004x_driverlib/driverlib/f28004x/driverlib/ccs/Debug/</path>
         <kind>archive</kind>
         <file>driverlib_eabi.lib</file>
         <name>adc.obj</name>
      </input_file>
      <input_file id="fl-23">
         <path>../f28004x_driverlib/driverlib/f28004x/driverlib/ccs/Debug/</path>
         <kind>archive</kind>
         <file>driverlib_eabi.lib</file>
         <name>can.obj</name>
      </input_file>
      <input_file id="fl-24">
         <path>../f28004x_driverlib/driverlib/f28004x/driverlib/ccs/Debug/</path>
         <kind>archive</kind>
         <file>driverlib_eabi.lib</file>
         <name>cla.obj</name>
      </input_file>
      <input_file id="fl-25">
         <path>../f28004x_driverlib/driverlib/f28004x/driverlib/ccs/Debug/</path>
         <kind>archive</kind>
         <file>driverlib_eabi.lib</file>
         <name>cmpss.obj</name>
      </input_file>
      <input_file id="fl-26">
         <path>../f28004x_driverlib/driverlib/f28004x/driverlib/ccs/Debug/</path>
         <kind>archive</kind>
         <file>driverlib_eabi.lib</file>
         <name>flash.obj</name>
      </input_file>
      <input_file id="fl-27">
         <path>../f28004x_driverlib/driverlib/f28004x/driverlib/ccs/Debug/</path>
         <kind>archive</kind>
         <file>driverlib_eabi.lib</file>
         <name>gpio.obj</name>
      </input_file>
      <input_file id="fl-28">
         <path>../f28004x_driverlib/driverlib/f28004x/driverlib/ccs/Debug/</path>
         <kind>archive</kind>
         <file>driverlib_eabi.lib</file>
         <name>interrupt.obj</name>
      </input_file>
      <input_file id="fl-29">
         <path>../f28004x_driverlib/driverlib/f28004x/driverlib/ccs/Debug/</path>
         <kind>archive</kind>
         <file>driverlib_eabi.lib</file>
         <name>memcfg.obj</name>
      </input_file>
      <input_file id="fl-2a">
         <path>../f28004x_driverlib/driverlib/f28004x/driverlib/ccs/Debug/</path>
         <kind>archive</kind>
         <file>driverlib_eabi.lib</file>
         <name>sci.obj</name>
      </input_file>
      <input_file id="fl-2b">
         <path>../f28004x_driverlib/driverlib/f28004x/driverlib/ccs/Debug/</path>
         <kind>archive</kind>
         <file>driverlib_eabi.lib</file>
         <name>sysctl.obj</name>
      </input_file>
      <input_file id="fl-2c">
         <path>../f28004x_driverlib/driverlib/f28004x/driverlib/ccs/Debug/</path>
         <kind>archive</kind>
         <file>driverlib_eabi.lib</file>
         <name>xbar.obj</name>
      </input_file>
      <input_file id="fl-38">
         <path>/home/cicdserver/ti/ccs1040/ccs/tools/compiler/ti-cgt-c2000_20.2.5.LTS/lib/</path>
         <kind>archive</kind>
         <file>rts2800_fpu32_eabi.lib</file>
         <name>sprintf.c.obj</name>
      </input_file>
      <input_file id="fl-39">
         <path>/home/cicdserver/ti/ccs1040/ccs/tools/compiler/ti-cgt-c2000_20.2.5.LTS/lib/</path>
         <kind>archive</kind>
         <file>rts2800_fpu32_eabi.lib</file>
         <name>s_tan.c.obj</name>
      </input_file>
      <input_file id="fl-3a">
         <path>/home/cicdserver/ti/ccs1040/ccs/tools/compiler/ti-cgt-c2000_20.2.5.LTS/lib/</path>
         <kind>archive</kind>
         <file>rts2800_fpu32_eabi.lib</file>
         <name>boot28.asm.obj</name>
      </input_file>
      <input_file id="fl-3b">
         <path>/home/cicdserver/ti/ccs1040/ccs/tools/compiler/ti-cgt-c2000_20.2.5.LTS/lib/</path>
         <kind>archive</kind>
         <file>rts2800_fpu32_eabi.lib</file>
         <name>epilog28.asm.obj</name>
      </input_file>
      <input_file id="fl-3c">
         <path>/home/cicdserver/ti/ccs1040/ccs/tools/compiler/ti-cgt-c2000_20.2.5.LTS/lib/</path>
         <kind>archive</kind>
         <file>rts2800_fpu32_eabi.lib</file>
         <name>fd_add28.asm.obj</name>
      </input_file>
      <input_file id="fl-3d">
         <path>/home/cicdserver/ti/ccs1040/ccs/tools/compiler/ti-cgt-c2000_20.2.5.LTS/lib/</path>
         <kind>archive</kind>
         <file>rts2800_fpu32_eabi.lib</file>
         <name>fd_cmp28.asm.obj</name>
      </input_file>
      <input_file id="fl-3e">
         <path>/home/cicdserver/ti/ccs1040/ccs/tools/compiler/ti-cgt-c2000_20.2.5.LTS/lib/</path>
         <kind>archive</kind>
         <file>rts2800_fpu32_eabi.lib</file>
         <name>fd_mpy28.asm.obj</name>
      </input_file>
      <input_file id="fl-3f">
         <path>/home/cicdserver/ti/ccs1040/ccs/tools/compiler/ti-cgt-c2000_20.2.5.LTS/lib/</path>
         <kind>archive</kind>
         <file>rts2800_fpu32_eabi.lib</file>
         <name>fd_sub28.asm.obj</name>
      </input_file>
      <input_file id="fl-40">
         <path>/home/cicdserver/ti/ccs1040/ccs/tools/compiler/ti-cgt-c2000_20.2.5.LTS/lib/</path>
         <kind>archive</kind>
         <file>rts2800_fpu32_eabi.lib</file>
         <name>fd_toi28.asm.obj</name>
      </input_file>
      <input_file id="fl-41">
         <path>/home/cicdserver/ti/ccs1040/ccs/tools/compiler/ti-cgt-c2000_20.2.5.LTS/lib/</path>
         <kind>archive</kind>
         <file>rts2800_fpu32_eabi.lib</file>
         <name>fd_tou28.asm.obj</name>
      </input_file>
      <input_file id="fl-42">
         <path>/home/cicdserver/ti/ccs1040/ccs/tools/compiler/ti-cgt-c2000_20.2.5.LTS/lib/</path>
         <kind>archive</kind>
         <file>rts2800_fpu32_eabi.lib</file>
         <name>fd_toul28.asm.obj</name>
      </input_file>
      <input_file id="fl-43">
         <path>/home/cicdserver/ti/ccs1040/ccs/tools/compiler/ti-cgt-c2000_20.2.5.LTS/lib/</path>
         <kind>archive</kind>
         <file>rts2800_fpu32_eabi.lib</file>
         <name>fs_div28.asm.obj</name>
      </input_file>
      <input_file id="fl-44">
         <path>/home/cicdserver/ti/ccs1040/ccs/tools/compiler/ti-cgt-c2000_20.2.5.LTS/lib/</path>
         <kind>archive</kind>
         <file>rts2800_fpu32_eabi.lib</file>
         <name>ll_cmp28.asm.obj</name>
      </input_file>
      <input_file id="fl-45">
         <path>/home/cicdserver/ti/ccs1040/ccs/tools/compiler/ti-cgt-c2000_20.2.5.LTS/lib/</path>
         <kind>archive</kind>
         <file>rts2800_fpu32_eabi.lib</file>
         <name>u_tofd28.asm.obj</name>
      </input_file>
      <input_file id="fl-46">
         <path>/home/cicdserver/ti/ccs1040/ccs/tools/compiler/ti-cgt-c2000_20.2.5.LTS/lib/</path>
         <kind>archive</kind>
         <file>rts2800_fpu32_eabi.lib</file>
         <name>l_div28.asm.obj</name>
      </input_file>
      <input_file id="fl-47">
         <path>/home/cicdserver/ti/ccs1040/ccs/tools/compiler/ti-cgt-c2000_20.2.5.LTS/lib/</path>
         <kind>archive</kind>
         <file>rts2800_fpu32_eabi.lib</file>
         <name>ul_tofd28.asm.obj</name>
      </input_file>
      <input_file id="fl-48">
         <path>/home/cicdserver/ti/ccs1040/ccs/tools/compiler/ti-cgt-c2000_20.2.5.LTS/lib/</path>
         <kind>archive</kind>
         <file>rts2800_fpu32_eabi.lib</file>
         <name>prolog28.asm.obj</name>
      </input_file>
      <input_file id="fl-49">
         <path>/home/cicdserver/ti/ccs1040/ccs/tools/compiler/ti-cgt-c2000_20.2.5.LTS/lib/</path>
         <kind>archive</kind>
         <file>rts2800_fpu32_eabi.lib</file>
         <name>fs_tofdfpu32.asm.obj</name>
      </input_file>
      <input_file id="fl-4a">
         <path>/home/cicdserver/ti/ccs1040/ccs/tools/compiler/ti-cgt-c2000_20.2.5.LTS/lib/</path>
         <kind>archive</kind>
         <file>rts2800_fpu32_eabi.lib</file>
         <name>fd_tofsfpu32.asm.obj</name>
      </input_file>
      <input_file id="fl-4b">
         <path>/home/cicdserver/ti/ccs1040/ccs/tools/compiler/ti-cgt-c2000_20.2.5.LTS/lib/</path>
         <kind>archive</kind>
         <file>rts2800_fpu32_eabi.lib</file>
         <name>fd_div28.asm.obj</name>
      </input_file>
      <input_file id="fl-4c">
         <path>/home/cicdserver/ti/ccs1040/ccs/tools/compiler/ti-cgt-c2000_20.2.5.LTS/lib/</path>
         <kind>archive</kind>
         <file>rts2800_fpu32_eabi.lib</file>
         <name>memcpy.c.obj</name>
      </input_file>
      <input_file id="fl-4d">
         <path>/home/cicdserver/ti/ccs1040/ccs/tools/compiler/ti-cgt-c2000_20.2.5.LTS/lib/</path>
         <kind>archive</kind>
         <file>rts2800_fpu32_eabi.lib</file>
         <name>pre_init.c.obj</name>
      </input_file>
      <input_file id="fl-4e">
         <path>/home/cicdserver/ti/ccs1040/ccs/tools/compiler/ti-cgt-c2000_20.2.5.LTS/lib/</path>
         <kind>archive</kind>
         <file>rts2800_fpu32_eabi.lib</file>
         <name>autoinit.c.obj</name>
      </input_file>
      <input_file id="fl-4f">
         <path>/home/cicdserver/ti/ccs1040/ccs/tools/compiler/ti-cgt-c2000_20.2.5.LTS/lib/</path>
         <kind>archive</kind>
         <file>rts2800_fpu32_eabi.lib</file>
         <name>copy_zero_init.c.obj</name>
      </input_file>
      <input_file id="fl-50">
         <path>/home/cicdserver/ti/ccs1040/ccs/tools/compiler/ti-cgt-c2000_20.2.5.LTS/lib/</path>
         <kind>archive</kind>
         <file>rts2800_fpu32_eabi.lib</file>
         <name>copy_decompress_none.c.obj</name>
      </input_file>
      <input_file id="fl-51">
         <path>/home/cicdserver/ti/ccs1040/ccs/tools/compiler/ti-cgt-c2000_20.2.5.LTS/lib/</path>
         <kind>archive</kind>
         <file>rts2800_fpu32_eabi.lib</file>
         <name>copy_decompress_lzss.c.obj</name>
      </input_file>
      <input_file id="fl-52">
         <path>/home/cicdserver/ti/ccs1040/ccs/tools/compiler/ti-cgt-c2000_20.2.5.LTS/lib/</path>
         <kind>archive</kind>
         <file>rts2800_fpu32_eabi.lib</file>
         <name>e_rem_pio2.c.obj</name>
      </input_file>
      <input_file id="fl-53">
         <path>/home/cicdserver/ti/ccs1040/ccs/tools/compiler/ti-cgt-c2000_20.2.5.LTS/lib/</path>
         <kind>archive</kind>
         <file>rts2800_fpu32_eabi.lib</file>
         <name>k_rem_pio2.c.obj</name>
      </input_file>
      <input_file id="fl-54">
         <path>/home/cicdserver/ti/ccs1040/ccs/tools/compiler/ti-cgt-c2000_20.2.5.LTS/lib/</path>
         <kind>archive</kind>
         <file>rts2800_fpu32_eabi.lib</file>
         <name>exit.c.obj</name>
      </input_file>
      <input_file id="fl-55">
         <path>/home/cicdserver/ti/ccs1040/ccs/tools/compiler/ti-cgt-c2000_20.2.5.LTS/lib/</path>
         <kind>archive</kind>
         <file>rts2800_fpu32_eabi.lib</file>
         <name>_lock.c.obj</name>
      </input_file>
      <input_file id="fl-56">
         <path>/home/cicdserver/ti/ccs1040/ccs/tools/compiler/ti-cgt-c2000_20.2.5.LTS/lib/</path>
         <kind>archive</kind>
         <file>rts2800_fpu32_eabi.lib</file>
         <name>args_main.c.obj</name>
      </input_file>
      <input_file id="fl-57">
         <path>/home/cicdserver/ti/ccs1040/ccs/tools/compiler/ti-cgt-c2000_20.2.5.LTS/lib/</path>
         <kind>archive</kind>
         <file>rts2800_fpu32_eabi.lib</file>
         <name>memset.c.obj</name>
      </input_file>
      <input_file id="fl-58">
         <path>/home/cicdserver/ti/ccs1040/ccs/tools/compiler/ti-cgt-c2000_20.2.5.LTS/lib/</path>
         <kind>archive</kind>
         <file>rts2800_fpu32_eabi.lib</file>
         <name>strlen.c.obj</name>
      </input_file>
      <input_file id="fl-59">
         <path>/home/cicdserver/ti/ccs1040/ccs/tools/compiler/ti-cgt-c2000_20.2.5.LTS/lib/</path>
         <kind>archive</kind>
         <file>rts2800_fpu32_eabi.lib</file>
         <name>strncat.c.obj</name>
      </input_file>
      <input_file id="fl-5a">
         <path>/home/cicdserver/ti/ccs1040/ccs/tools/compiler/ti-cgt-c2000_20.2.5.LTS/lib/</path>
         <kind>archive</kind>
         <file>rts2800_fpu32_eabi.lib</file>
         <name>strncpy.c.obj</name>
      </input_file>
      <input_file id="fl-5b">
         <path>/home/cicdserver/ti/ccs1040/ccs/tools/compiler/ti-cgt-c2000_20.2.5.LTS/lib/</path>
         <kind>archive</kind>
         <file>rts2800_fpu32_eabi.lib</file>
         <name>errno.c.obj</name>
      </input_file>
      <input_file id="fl-5c">
         <path>/home/cicdserver/ti/ccs1040/ccs/tools/compiler/ti-cgt-c2000_20.2.5.LTS/lib/</path>
         <kind>archive</kind>
         <file>rts2800_fpu32_eabi.lib</file>
         <name>_printfi.c.obj</name>
      </input_file>
      <input_file id="fl-5d">
         <path>/home/cicdserver/ti/ccs1040/ccs/tools/compiler/ti-cgt-c2000_20.2.5.LTS/lib/</path>
         <kind>archive</kind>
         <file>rts2800_fpu32_eabi.lib</file>
         <name>k_tan.c.obj</name>
      </input_file>
      <input_file id="fl-5e">
         <path>/home/cicdserver/ti/ccs1040/ccs/tools/compiler/ti-cgt-c2000_20.2.5.LTS/lib/</path>
         <kind>archive</kind>
         <file>rts2800_fpu32_eabi.lib</file>
         <name>s_floor.c.obj</name>
      </input_file>
      <input_file id="fl-5f">
         <path>/home/cicdserver/ti/ccs1040/ccs/tools/compiler/ti-cgt-c2000_20.2.5.LTS/lib/</path>
         <kind>archive</kind>
         <file>rts2800_fpu32_eabi.lib</file>
         <name>s_frexp.c.obj</name>
      </input_file>
      <input_file id="fl-60">
         <path>/home/cicdserver/ti/ccs1040/ccs/tools/compiler/ti-cgt-c2000_20.2.5.LTS/lib/</path>
         <kind>archive</kind>
         <file>rts2800_fpu32_eabi.lib</file>
         <name>s_scalbn.c.obj</name>
      </input_file>
      <input_file id="fl-61">
         <path>/home/cicdserver/ti/ccs1040/ccs/tools/compiler/ti-cgt-c2000_20.2.5.LTS/lib/</path>
         <kind>archive</kind>
         <file>rts2800_fpu32_eabi.lib</file>
         <name>fd_neg28.asm.obj</name>
      </input_file>
      <input_file id="fl-62">
         <path>/home/cicdserver/ti/ccs1040/ccs/tools/compiler/ti-cgt-c2000_20.2.5.LTS/lib/</path>
         <kind>archive</kind>
         <file>rts2800_fpu32_eabi.lib</file>
         <name>fd_tol28.asm.obj</name>
      </input_file>
      <input_file id="fl-63">
         <path>/home/cicdserver/ti/ccs1040/ccs/tools/compiler/ti-cgt-c2000_20.2.5.LTS/lib/</path>
         <kind>archive</kind>
         <file>rts2800_fpu32_eabi.lib</file>
         <name>ll_aox28.asm.obj</name>
      </input_file>
      <input_file id="fl-64">
         <path>/home/cicdserver/ti/ccs1040/ccs/tools/compiler/ti-cgt-c2000_20.2.5.LTS/lib/</path>
         <kind>archive</kind>
         <file>rts2800_fpu32_eabi.lib</file>
         <name>ll_div28.asm.obj</name>
      </input_file>
      <input_file id="fl-65">
         <path>/home/cicdserver/ti/ccs1040/ccs/tools/compiler/ti-cgt-c2000_20.2.5.LTS/lib/</path>
         <kind>archive</kind>
         <file>rts2800_fpu32_eabi.lib</file>
         <name>i_tofd28.asm.obj</name>
      </input_file>
      <input_file id="fl-66">
         <path>/home/cicdserver/ti/ccs1040/ccs/tools/compiler/ti-cgt-c2000_20.2.5.LTS/lib/</path>
         <kind>archive</kind>
         <file>rts2800_fpu32_eabi.lib</file>
         <name>i_div28.asm.obj</name>
      </input_file>
      <input_file id="fl-67">
         <path>/home/cicdserver/ti/ccs1040/ccs/tools/compiler/ti-cgt-c2000_20.2.5.LTS/lib/</path>
         <kind>archive</kind>
         <file>rts2800_fpu32_eabi.lib</file>
         <name>l_tofd28.asm.obj</name>
      </input_file>
      <input_file id="fl-68">
         <path>/home/cicdserver/ti/ccs1040/ccs/tools/compiler/ti-cgt-c2000_20.2.5.LTS/lib/</path>
         <kind>archive</kind>
         <file>rts2800_fpu32_eabi.lib</file>
         <name>cpy_tbl.c.obj</name>
      </input_file>
      <input_file id="fl-69">
         <path>/home/cicdserver/ti/ccs1040/ccs/tools/compiler/ti-cgt-c2000_20.2.5.LTS/lib/</path>
         <kind>archive</kind>
         <file>rts2800_fpu32_eabi.lib</file>
         <name>startup.c.obj</name>
      </input_file>
      <input_file id="fl-6a">
         <path>/home/cicdserver/ti/ccs1040/ccs/tools/compiler/ti-cgt-c2000_20.2.5.LTS/lib/</path>
         <kind>archive</kind>
         <file>rts2800_fpu32_eabi.lib</file>
         <name>_ltoa.c.obj</name>
      </input_file>
      <input_file id="fl-6b">
         <path>/home/cicdserver/ti/ccs1040/ccs/tools/compiler/ti-cgt-c2000_20.2.5.LTS/lib/</path>
         <kind>archive</kind>
         <file>rts2800_fpu32_eabi.lib</file>
         <name>atoi.c.obj</name>
      </input_file>
      <input_file id="fl-6c">
         <path>/home/cicdserver/ti/ccs1040/ccs/tools/compiler/ti-cgt-c2000_20.2.5.LTS/lib/</path>
         <kind>archive</kind>
         <file>rts2800_fpu32_eabi.lib</file>
         <name>ctype.c.obj</name>
      </input_file>
      <input_file id="fl-6d">
         <path>/home/cicdserver/ti/ccs1040/ccs/tools/compiler/ti-cgt-c2000_20.2.5.LTS/lib/</path>
         <kind>archive</kind>
         <file>rts2800_fpu32_eabi.lib</file>
         <name>memccpy.c.obj</name>
      </input_file>
      <input_file id="fl-6e">
         <path>/home/cicdserver/ti/ccs1040/ccs/tools/compiler/ti-cgt-c2000_20.2.5.LTS/lib/</path>
         <kind>archive</kind>
         <file>rts2800_fpu32_eabi.lib</file>
         <name>strchr.c.obj</name>
      </input_file>
      <input_file id="fl-6f">
         <path>/home/cicdserver/ti/ccs1040/ccs/tools/compiler/ti-cgt-c2000_20.2.5.LTS/lib/</path>
         <kind>archive</kind>
         <file>rts2800_fpu32_eabi.lib</file>
         <name>strcpy.c.obj</name>
      </input_file>
      <input_file id="fl-70">
         <path>/home/cicdserver/ti/ccs1040/ccs/tools/compiler/ti-cgt-c2000_20.2.5.LTS/lib/</path>
         <kind>archive</kind>
         <file>rts2800_fpu32_eabi.lib</file>
         <name>s_copysign.c.obj</name>
      </input_file>
      <input_file id="fl-71">
         <path>/home/cicdserver/ti/ccs1040/ccs/tools/compiler/ti-cgt-c2000_20.2.5.LTS/lib/</path>
         <kind>archive</kind>
         <file>rts2800_fpu32_eabi.lib</file>
         <name>wcslen.c.obj</name>
      </input_file>
   </input_file_list>
   <object_component_list>
      <object_component id="oc-7b3">
         <name>.cinit..data.load</name>
         <load_address>0x89000</load_address>
         <run_address>0x89000</run_address>
         <size>0x18b</size>
      </object_component>
      <object_component id="oc-7b0">
         <name>__TI_handler_table</name>
         <load_address>0x8918c</load_address>
         <run_address>0x8918c</run_address>
         <size>0x6</size>
      </object_component>
      <object_component id="oc-7b2">
         <name>.cinit..bss.load</name>
         <load_address>0x89192</load_address>
         <run_address>0x89192</run_address>
         <size>0x4</size>
      </object_component>
      <object_component id="oc-7b6">
         <name>.cinit..bss_cla.load</name>
         <load_address>0x89196</load_address>
         <run_address>0x89196</run_address>
         <size>0x4</size>
      </object_component>
      <object_component id="oc-7b4">
         <name>.cinit.Cla1ToCpuMsgRAM.load</name>
         <load_address>0x8919a</load_address>
         <run_address>0x8919a</run_address>
         <size>0x4</size>
      </object_component>
      <object_component id="oc-7b5">
         <name>.cinit.CpuToCla1MsgRAM.load</name>
         <load_address>0x8919e</load_address>
         <run_address>0x8919e</run_address>
         <size>0x4</size>
      </object_component>
      <object_component id="oc-7b1">
         <name>__TI_cinit_table</name>
         <load_address>0x891a4</load_address>
         <run_address>0x891a4</run_address>
         <size>0x14</size>
      </object_component>
      <object_component id="oc-3c5">
         <name>.text</name>
         <load_address>0x82000</load_address>
         <run_address>0x82000</run_address>
         <size>0xcf3</size>
         <input_file_ref idref="fl-5c"/>
      </object_component>
      <object_component id="oc-357">
         <name>.text</name>
         <load_address>0x82cf3</load_address>
         <run_address>0x82cf3</run_address>
         <size>0x2d8</size>
         <input_file_ref idref="fl-5d"/>
      </object_component>
      <object_component id="oc-23b">
         <name>.text</name>
         <load_address>0x82fcb</load_address>
         <run_address>0x82fcb</run_address>
         <size>0x32</size>
         <input_file_ref idref="fl-38"/>
      </object_component>
      <object_component id="oc-384">
         <name>.text:Interrupt_illegalOperationHandler</name>
         <load_address>0x82ffd</load_address>
         <run_address>0x82ffd</run_address>
         <size>0x2</size>
         <input_file_ref idref="fl-28"/>
      </object_component>
      <object_component id="oc-15e">
         <name>.text</name>
         <load_address>0x82fff</load_address>
         <run_address>0x82fff</run_address>
         <size>0x1</size>
         <input_file_ref idref="fl-69"/>
      </object_component>
      <object_component id="oc-14b">
         <name>.text</name>
         <load_address>0x83000</load_address>
         <run_address>0x83000</run_address>
         <size>0x853</size>
         <input_file_ref idref="fl-5"/>
      </object_component>
      <object_component id="oc-259">
         <name>.text</name>
         <load_address>0x83853</load_address>
         <run_address>0x83853</run_address>
         <size>0x6fc</size>
         <input_file_ref idref="fl-a"/>
      </object_component>
      <object_component id="oc-575">
         <name>.text</name>
         <load_address>0x83f4f</load_address>
         <run_address>0x83f4f</run_address>
         <size>0xae</size>
         <input_file_ref idref="fl-60"/>
      </object_component>
      <object_component id="oc-37e">
         <name>.text:Interrupt_nmiHandler</name>
         <load_address>0x83ffd</load_address>
         <run_address>0x83ffd</run_address>
         <size>0x2</size>
         <input_file_ref idref="fl-28"/>
      </object_component>
      <object_component id="oc-51a">
         <name>.text</name>
         <load_address>0x84130</load_address>
         <run_address>0x84130</run_address>
         <size>0x663</size>
         <input_file_ref idref="fl-53"/>
      </object_component>
      <object_component id="oc-35d">
         <name>.text</name>
         <load_address>0x84793</load_address>
         <run_address>0x84793</run_address>
         <size>0x430</size>
         <input_file_ref idref="fl-52"/>
      </object_component>
      <object_component id="oc-1c8">
         <name>.text</name>
         <load_address>0x84bc3</load_address>
         <run_address>0x84bc3</run_address>
         <size>0x3ae</size>
         <input_file_ref idref="fl-13"/>
      </object_component>
      <object_component id="oc-1b3">
         <name>.text</name>
         <load_address>0x84f71</load_address>
         <run_address>0x84f71</run_address>
         <size>0x8b</size>
         <input_file_ref idref="fl-4b"/>
      </object_component>
      <object_component id="oc-102">
         <name>.text</name>
         <load_address>0x84ffc</load_address>
         <run_address>0x84ffc</run_address>
         <size>0x2</size>
         <input_file_ref idref="fl-4d"/>
      </object_component>
      <object_component id="oc-1f1">
         <name>.text</name>
         <load_address>0x85e1c</load_address>
         <run_address>0x85e1c</run_address>
         <size>0x376</size>
         <input_file_ref idref="fl-8"/>
      </object_component>
      <object_component id="oc-1a8">
         <name>.text</name>
         <load_address>0x86192</load_address>
         <run_address>0x86192</run_address>
         <size>0x2b1</size>
         <input_file_ref idref="fl-7"/>
      </object_component>
      <object_component id="oc-1ce">
         <name>.text</name>
         <load_address>0x86443</load_address>
         <run_address>0x86443</run_address>
         <size>0x285</size>
         <input_file_ref idref="fl-6"/>
      </object_component>
      <object_component id="oc-1c2">
         <name>.text</name>
         <load_address>0x866c8</load_address>
         <run_address>0x866c8</run_address>
         <size>0x171</size>
         <input_file_ref idref="fl-b"/>
      </object_component>
      <object_component id="oc-206">
         <name>.text</name>
         <load_address>0x86839</load_address>
         <run_address>0x86839</run_address>
         <size>0x13a</size>
         <input_file_ref idref="fl-3"/>
      </object_component>
      <object_component id="oc-232">
         <name>.text</name>
         <load_address>0x86973</load_address>
         <run_address>0x86973</run_address>
         <size>0x113</size>
         <input_file_ref idref="fl-11"/>
      </object_component>
      <object_component id="oc-226">
         <name>.text</name>
         <load_address>0x86a86</load_address>
         <run_address>0x86a86</run_address>
         <size>0x10d</size>
         <input_file_ref idref="fl-c"/>
      </object_component>
      <object_component id="oc-563">
         <name>.text</name>
         <load_address>0x86b93</load_address>
         <run_address>0x86b93</run_address>
         <size>0x107</size>
         <input_file_ref idref="fl-64"/>
      </object_component>
      <object_component id="oc-19c">
         <name>.text</name>
         <load_address>0x86c9a</load_address>
         <run_address>0x86c9a</run_address>
         <size>0x104</size>
         <input_file_ref idref="fl-14"/>
      </object_component>
      <object_component id="oc-65e">
         <name>.text</name>
         <load_address>0x86d9e</load_address>
         <run_address>0x86d9e</run_address>
         <size>0xe9</size>
         <input_file_ref idref="fl-5e"/>
      </object_component>
      <object_component id="oc-2e7">
         <name>.text:CAN_setupMessageObject</name>
         <load_address>0x86e87</load_address>
         <run_address>0x86e87</run_address>
         <size>0xdf</size>
         <input_file_ref idref="fl-23"/>
      </object_component>
      <object_component id="oc-2ae">
         <name>.text:SysCtl_setClock</name>
         <load_address>0x86f66</load_address>
         <run_address>0x86f66</run_address>
         <size>0xb6</size>
         <input_file_ref idref="fl-2b"/>
      </object_component>
      <object_component id="oc-1b8">
         <name>.text</name>
         <load_address>0x8701c</load_address>
         <run_address>0x8701c</run_address>
         <size>0x9c</size>
         <input_file_ref idref="fl-3c"/>
      </object_component>
      <object_component id="oc-481">
         <name>.text:SysCtl_isPLLValid</name>
         <load_address>0x870b8</load_address>
         <run_address>0x870b8</run_address>
         <size>0x9b</size>
         <input_file_ref idref="fl-2b"/>
      </object_component>
      <object_component id="oc-20c">
         <name>.text</name>
         <load_address>0x87153</load_address>
         <run_address>0x87153</run_address>
         <size>0x8a</size>
         <input_file_ref idref="fl-39"/>
      </object_component>
      <object_component id="oc-215">
         <name>.text</name>
         <load_address>0x871dd</load_address>
         <run_address>0x871dd</run_address>
         <size>0x88</size>
         <input_file_ref idref="fl-43"/>
      </object_component>
      <object_component id="oc-191">
         <name>.text</name>
         <load_address>0x87265</load_address>
         <run_address>0x87265</run_address>
         <size>0x83</size>
         <input_file_ref idref="fl-3e"/>
      </object_component>
      <object_component id="oc-2d2">
         <name>.text:CAN_sendMessage</name>
         <load_address>0x872e8</load_address>
         <run_address>0x872e8</run_address>
         <size>0x7b</size>
         <input_file_ref idref="fl-23"/>
      </object_component>
      <object_component id="oc-1e8">
         <name>.text</name>
         <load_address>0x87363</load_address>
         <run_address>0x87363</run_address>
         <size>0x6f</size>
         <input_file_ref idref="fl-d"/>
      </object_component>
      <object_component id="oc-4ae">
         <name>.text:CAN_setBitTiming</name>
         <load_address>0x873d2</load_address>
         <run_address>0x873d2</run_address>
         <size>0x6a</size>
         <input_file_ref idref="fl-23"/>
      </object_component>
      <object_component id="oc-31c">
         <name>.text:ADC_setVREF</name>
         <load_address>0x8743c</load_address>
         <run_address>0x8743c</run_address>
         <size>0x64</size>
         <input_file_ref idref="fl-22"/>
      </object_component>
      <object_component id="oc-253">
         <name>.text</name>
         <load_address>0x874a0</load_address>
         <run_address>0x874a0</run_address>
         <size>0x64</size>
         <input_file_ref idref="fl-e"/>
      </object_component>
      <object_component id="oc-2de">
         <name>.text:CAN_setBitRate</name>
         <load_address>0x87504</load_address>
         <run_address>0x87504</run_address>
         <size>0x61</size>
         <input_file_ref idref="fl-23"/>
      </object_component>
      <object_component id="oc-47b">
         <name>.text:SysCtl_selectOscSource</name>
         <load_address>0x87565</load_address>
         <run_address>0x87565</run_address>
         <size>0x5b</size>
         <input_file_ref idref="fl-2b"/>
      </object_component>
      <object_component id="oc-56f">
         <name>.text</name>
         <load_address>0x875c0</load_address>
         <run_address>0x875c0</run_address>
         <size>0x5a</size>
         <input_file_ref idref="fl-5f"/>
      </object_component>
      <object_component id="oc-607">
         <name>.text:DCC_setCounterSeeds</name>
         <load_address>0x8761a</load_address>
         <run_address>0x8761a</run_address>
         <size>0x56</size>
         <input_file_ref idref="fl-2b"/>
      </object_component>
      <object_component id="oc-38f">
         <name>.text:GPIO_setPadConfig</name>
         <load_address>0x87670</load_address>
         <run_address>0x87670</run_address>
         <size>0x52</size>
         <input_file_ref idref="fl-27"/>
      </object_component>
      <object_component id="oc-2b4">
         <name>.text:SysCtl_getClock</name>
         <load_address>0x876c2</load_address>
         <run_address>0x876c2</run_address>
         <size>0x51</size>
         <input_file_ref idref="fl-2b"/>
      </object_component>
      <object_component id="oc-337">
         <name>.text:CMPSS_configFilterHigh</name>
         <load_address>0x87713</load_address>
         <run_address>0x87713</run_address>
         <size>0x49</size>
         <input_file_ref idref="fl-25"/>
      </object_component>
      <object_component id="oc-33d">
         <name>.text:CMPSS_configFilterLow</name>
         <load_address>0x8775c</load_address>
         <run_address>0x8775c</run_address>
         <size>0x49</size>
         <input_file_ref idref="fl-25"/>
      </object_component>
      <object_component id="oc-331">
         <name>.text:CMPSS_configRamp</name>
         <load_address>0x877a5</load_address>
         <run_address>0x877a5</run_address>
         <size>0x48</size>
         <input_file_ref idref="fl-25"/>
      </object_component>
      <object_component id="oc-3bb">
         <name>.text:SCI_clearInterruptStatus</name>
         <load_address>0x877ed</load_address>
         <run_address>0x877ed</run_address>
         <size>0x46</size>
         <input_file_ref idref="fl-2a"/>
      </object_component>
      <object_component id="oc-247">
         <name>.text:SCI_writeCharArray</name>
         <load_address>0x87833</load_address>
         <run_address>0x87833</run_address>
         <size>0x41</size>
         <input_file_ref idref="fl-2a"/>
      </object_component>
      <object_component id="oc-3b5">
         <name>.text:SCI_setConfig</name>
         <load_address>0x87874</load_address>
         <run_address>0x87874</run_address>
         <size>0x3e</size>
         <input_file_ref idref="fl-2a"/>
      </object_component>
      <object_component id="oc-21a">
         <name>.text:Interrupt_initModule</name>
         <load_address>0x878b2</load_address>
         <run_address>0x878b2</run_address>
         <size>0x3d</size>
         <input_file_ref idref="fl-28"/>
      </object_component>
      <object_component id="oc-2c1">
         <name>.text:GPIO_setAnalogMode</name>
         <load_address>0x878ef</load_address>
         <run_address>0x878ef</run_address>
         <size>0x3b</size>
         <input_file_ref idref="fl-27"/>
      </object_component>
      <object_component id="oc-3a1">
         <name>.text:GPIO_setMasterCore</name>
         <load_address>0x8792a</load_address>
         <run_address>0x8792a</run_address>
         <size>0x38</size>
         <input_file_ref idref="fl-27"/>
      </object_component>
      <object_component id="oc-3a7">
         <name>.text:GPIO_setQualificationMode</name>
         <load_address>0x87962</load_address>
         <run_address>0x87962</run_address>
         <size>0x38</size>
         <input_file_ref idref="fl-27"/>
      </object_component>
      <object_component id="oc-173">
         <name>.text:MemCfg_setLSRAMMasterSel</name>
         <load_address>0x8799a</load_address>
         <run_address>0x8799a</run_address>
         <size>0x38</size>
         <input_file_ref idref="fl-29"/>
      </object_component>
      <object_component id="oc-395">
         <name>.text:GPIO_setPinConfig</name>
         <load_address>0x879d2</load_address>
         <run_address>0x879d2</run_address>
         <size>0x37</size>
         <input_file_ref idref="fl-27"/>
      </object_component>
      <object_component id="oc-39b">
         <name>.text:GPIO_setDirectionMode</name>
         <load_address>0x87a09</load_address>
         <run_address>0x87a09</run_address>
         <size>0x31</size>
         <input_file_ref idref="fl-27"/>
      </object_component>
      <object_component id="oc-a8">
         <name>.text:decompress:lzss</name>
         <load_address>0x87a3a</load_address>
         <run_address>0x87a3a</run_address>
         <size>0x31</size>
         <input_file_ref idref="fl-51"/>
      </object_component>
      <object_component id="oc-55c">
         <name>.text</name>
         <load_address>0x87a6b</load_address>
         <run_address>0x87a6b</run_address>
         <size>0x31</size>
         <input_file_ref idref="fl-6b"/>
      </object_component>
      <object_component id="oc-569">
         <name>.text</name>
         <load_address>0x87a9c</load_address>
         <run_address>0x87a9c</run_address>
         <size>0x30</size>
         <input_file_ref idref="fl-6a"/>
      </object_component>
      <object_component id="oc-4e2">
         <name>.text:CMPSS_isBaseValid</name>
         <load_address>0x87acc</load_address>
         <run_address>0x87acc</run_address>
         <size>0x2e</size>
         <input_file_ref idref="fl-25"/>
      </object_component>
      <object_component id="oc-1a2">
         <name>.text:XBAR_setEPWMMuxConfig</name>
         <load_address>0x87afa</load_address>
         <run_address>0x87afa</run_address>
         <size>0x2e</size>
         <input_file_ref idref="fl-2c"/>
      </object_component>
      <object_component id="oc-11b">
         <name>.text:__TI_auto_init_nobinit_nopinit</name>
         <load_address>0x87b28</load_address>
         <run_address>0x87b28</run_address>
         <size>0x2b</size>
         <input_file_ref idref="fl-4e"/>
      </object_component>
      <object_component id="oc-309">
         <name>.text</name>
         <load_address>0x87b53</load_address>
         <run_address>0x87b53</run_address>
         <size>0x2b</size>
         <input_file_ref idref="fl-9"/>
      </object_component>
      <object_component id="oc-22c">
         <name>.text</name>
         <load_address>0x87b7e</load_address>
         <run_address>0x87b7e</run_address>
         <size>0x2b</size>
         <input_file_ref idref="fl-10"/>
      </object_component>
      <object_component id="oc-1de">
         <name>.text</name>
         <load_address>0x87ba9</load_address>
         <run_address>0x87ba9</run_address>
         <size>0x2a</size>
         <input_file_ref idref="fl-3d"/>
      </object_component>
      <object_component id="oc-1d4">
         <name>.text</name>
         <load_address>0x87bd3</load_address>
         <run_address>0x87bd3</run_address>
         <size>0x2a</size>
         <input_file_ref idref="fl-46"/>
      </object_component>
      <object_component id="oc-10f">
         <name>.text</name>
         <load_address>0x87bfd</load_address>
         <run_address>0x87bfd</run_address>
         <size>0x29</size>
         <input_file_ref idref="fl-54"/>
      </object_component>
      <object_component id="oc-185">
         <name>.text:CLA_setTriggerSource</name>
         <load_address>0x87c26</load_address>
         <run_address>0x87c26</run_address>
         <size>0x26</size>
         <input_file_ref idref="fl-24"/>
      </object_component>
      <object_component id="oc-696">
         <name>.text:SysCtl_pollX1Counter</name>
         <load_address>0x87c4c</load_address>
         <run_address>0x87c4c</run_address>
         <size>0x26</size>
         <input_file_ref idref="fl-2b"/>
      </object_component>
      <object_component id="oc-60d">
         <name>.text:DCC_enableSingleShotMode</name>
         <load_address>0x87c72</load_address>
         <run_address>0x87c72</run_address>
         <size>0x25</size>
         <input_file_ref idref="fl-2b"/>
      </object_component>
      <object_component id="oc-683">
         <name>.text</name>
         <load_address>0x87c97</load_address>
         <run_address>0x87c97</run_address>
         <size>0x25</size>
         <input_file_ref idref="fl-70"/>
      </object_component>
      <object_component id="oc-5ca">
         <name>.text:SysCtl_selectXTAL</name>
         <load_address>0x87cbc</load_address>
         <run_address>0x87cbc</run_address>
         <size>0x24</size>
         <input_file_ref idref="fl-2b"/>
      </object_component>
      <object_component id="oc-201">
         <name>.text</name>
         <load_address>0x87ce0</load_address>
         <run_address>0x87ce0</run_address>
         <size>0x23</size>
         <input_file_ref idref="fl-4a"/>
      </object_component>
      <object_component id="oc-3d6">
         <name>.text:SCI_isFIFOEnabled</name>
         <load_address>0x87d03</load_address>
         <run_address>0x87d03</run_address>
         <size>0x22</size>
         <input_file_ref idref="fl-2a"/>
      </object_component>
      <object_component id="oc-653">
         <name>.text</name>
         <load_address>0x87d25</load_address>
         <run_address>0x87d25</run_address>
         <size>0x22</size>
         <input_file_ref idref="fl-66"/>
      </object_component>
      <object_component id="oc-352">
         <name>.text</name>
         <load_address>0x87d47</load_address>
         <run_address>0x87d47</run_address>
         <size>0x21</size>
         <input_file_ref idref="fl-40"/>
      </object_component>
      <object_component id="oc-220">
         <name>.text:Interrupt_initVectorTable</name>
         <load_address>0x87d68</load_address>
         <run_address>0x87d68</run_address>
         <size>0x20</size>
         <input_file_ref idref="fl-28"/>
      </object_component>
      <object_component id="oc-601">
         <name>.text:DCC_setCounter1ClkSource</name>
         <load_address>0x87d88</load_address>
         <run_address>0x87d88</run_address>
         <size>0x1f</size>
         <input_file_ref idref="fl-2b"/>
      </object_component>
      <object_component id="oc-512">
         <name>.text</name>
         <load_address>0x87da7</load_address>
         <run_address>0x87da7</run_address>
         <size>0x1f</size>
         <input_file_ref idref="fl-62"/>
      </object_component>
      <object_component id="oc-2d8">
         <name>.text:CAN_initModule</name>
         <load_address>0x87dc6</load_address>
         <run_address>0x87dc6</run_address>
         <size>0x1e</size>
         <input_file_ref idref="fl-23"/>
      </object_component>
      <object_component id="oc-363">
         <name>.text</name>
         <load_address>0x87de4</load_address>
         <run_address>0x87de4</run_address>
         <size>0x1e</size>
         <input_file_ref idref="fl-44"/>
      </object_component>
      <object_component id="oc-5fb">
         <name>.text:DCC_setCounter0ClkSource</name>
         <load_address>0x87e02</load_address>
         <run_address>0x87e02</run_address>
         <size>0x1d</size>
         <input_file_ref idref="fl-2b"/>
      </object_component>
      <object_component id="oc-500">
         <name>.text</name>
         <load_address>0x87e1f</load_address>
         <run_address>0x87e1f</run_address>
         <size>0x1d</size>
         <input_file_ref idref="fl-65"/>
      </object_component>
      <object_component id="oc-c9">
         <name>.text</name>
         <load_address>0x87e3c</load_address>
         <run_address>0x87e3c</run_address>
         <size>0x1d</size>
         <input_file_ref idref="fl-4c"/>
      </object_component>
      <object_component id="oc-49f">
         <name>.text:CAN_writeDataReg</name>
         <load_address>0x87e59</load_address>
         <run_address>0x87e59</run_address>
         <size>0x1c</size>
         <input_file_ref idref="fl-23"/>
      </object_component>
      <object_component id="oc-1ae">
         <name>.text</name>
         <load_address>0x87e75</load_address>
         <run_address>0x87e75</run_address>
         <size>0x1c</size>
         <input_file_ref idref="fl-49"/>
      </object_component>
      <object_component id="oc-505">
         <name>.text</name>
         <load_address>0x87e91</load_address>
         <run_address>0x87e91</run_address>
         <size>0x1c</size>
         <input_file_ref idref="fl-67"/>
      </object_component>
      <object_component id="oc-4a7">
         <name>.text:CAN_initRAM</name>
         <load_address>0x87ead</load_address>
         <run_address>0x87ead</run_address>
         <size>0x1b</size>
         <input_file_ref idref="fl-23"/>
      </object_component>
      <object_component id="oc-3e2">
         <name>.text:SCI_isSpaceAvailableNonFIFO</name>
         <load_address>0x87ec8</load_address>
         <run_address>0x87ec8</run_address>
         <size>0x1b</size>
         <input_file_ref idref="fl-2a"/>
      </object_component>
      <object_component id="oc-196">
         <name>.text</name>
         <load_address>0x87ee3</load_address>
         <run_address>0x87ee3</run_address>
         <size>0x1b</size>
         <input_file_ref idref="fl-42"/>
      </object_component>
      <object_component id="oc-4d1">
         <name>.text:ADC_isBaseValid</name>
         <load_address>0x87efe</load_address>
         <run_address>0x87efe</run_address>
         <size>0x1a</size>
         <input_file_ref idref="fl-22"/>
      </object_component>
      <object_component id="oc-303">
         <name>.text</name>
         <load_address>0x87f18</load_address>
         <run_address>0x87f18</run_address>
         <size>0x1a</size>
         <input_file_ref idref="fl-12"/>
      </object_component>
      <object_component id="oc-2bb">
         <name>.text:SysCtl_getLowSpeedClock</name>
         <load_address>0x87f32</load_address>
         <run_address>0x87f32</run_address>
         <size>0x1a</size>
         <input_file_ref idref="fl-2b"/>
      </object_component>
      <object_component id="oc-5d0">
         <name>.text:SysCtl_selectXTALSingleEnded</name>
         <load_address>0x87f4c</load_address>
         <run_address>0x87f4c</run_address>
         <size>0x1a</size>
         <input_file_ref idref="fl-2b"/>
      </object_component>
      <object_component id="oc-1bd">
         <name>.text</name>
         <load_address>0x87f66</load_address>
         <run_address>0x87f66</run_address>
         <size>0x1a</size>
         <input_file_ref idref="fl-41"/>
      </object_component>
      <object_component id="oc-545">
         <name>.text:SCI_disableModule</name>
         <load_address>0x87f80</load_address>
         <run_address>0x87f80</run_address>
         <size>0x19</size>
         <input_file_ref idref="fl-2a"/>
      </object_component>
      <object_component id="oc-552">
         <name>.text:SCI_performSoftwareReset</name>
         <load_address>0x87f99</load_address>
         <run_address>0x87f99</run_address>
         <size>0x19</size>
         <input_file_ref idref="fl-2a"/>
      </object_component>
      <object_component id="oc-1d9">
         <name>.text</name>
         <load_address>0x87fb2</load_address>
         <run_address>0x87fb2</run_address>
         <size>0x19</size>
         <input_file_ref idref="fl-48"/>
      </object_component>
      <object_component id="oc-50d">
         <name>.text</name>
         <load_address>0x87fcb</load_address>
         <run_address>0x87fcb</run_address>
         <size>0x18</size>
         <input_file_ref idref="fl-63"/>
      </object_component>
      <object_component id="oc-5f5">
         <name>.text:DCC_disableDoneSignal</name>
         <load_address>0x87fe3</load_address>
         <run_address>0x87fe3</run_address>
         <size>0x17</size>
         <input_file_ref idref="fl-2b"/>
      </object_component>
      <object_component id="oc-619">
         <name>.text:DCC_enableDoneSignal</name>
         <load_address>0x87ffa</load_address>
         <run_address>0x87ffa</run_address>
         <size>0x17</size>
         <input_file_ref idref="fl-2b"/>
      </object_component>
      <object_component id="oc-5d7">
         <name>.text:SysCtl_enablePeripheral</name>
         <load_address>0x88011</load_address>
         <run_address>0x88011</run_address>
         <size>0x17</size>
         <input_file_ref idref="fl-2b"/>
      </object_component>
      <object_component id="oc-f4">
         <name>.text</name>
         <load_address>0x88028</load_address>
         <run_address>0x88028</run_address>
         <size>0x17</size>
         <input_file_ref idref="fl-3a"/>
      </object_component>
      <object_component id="oc-1f7">
         <name>.text</name>
         <load_address>0x8803f</load_address>
         <run_address>0x8803f</run_address>
         <size>0x17</size>
         <input_file_ref idref="fl-45"/>
      </object_component>
      <object_component id="oc-5e3">
         <name>.text:DCC_clearDoneFlag</name>
         <load_address>0x88056</load_address>
         <run_address>0x88056</run_address>
         <size>0x16</size>
         <input_file_ref idref="fl-2b"/>
      </object_component>
      <object_component id="oc-5dd">
         <name>.text:DCC_clearErrorFlag</name>
         <load_address>0x8806c</load_address>
         <run_address>0x8806c</run_address>
         <size>0x16</size>
         <input_file_ref idref="fl-2b"/>
      </object_component>
      <object_component id="oc-5ef">
         <name>.text:DCC_disableErrorSignal</name>
         <load_address>0x88082</load_address>
         <run_address>0x88082</run_address>
         <size>0x16</size>
         <input_file_ref idref="fl-2b"/>
      </object_component>
      <object_component id="oc-613">
         <name>.text:DCC_enableErrorSignal</name>
         <load_address>0x88098</load_address>
         <run_address>0x88098</run_address>
         <size>0x16</size>
         <input_file_ref idref="fl-2b"/>
      </object_component>
      <object_component id="oc-18b">
         <name>.text</name>
         <load_address>0x880ae</load_address>
         <run_address>0x880ae</run_address>
         <size>0x16</size>
         <input_file_ref idref="fl-47"/>
      </object_component>
      <object_component id="oc-498">
         <name>.text:CAN_isBaseValid</name>
         <load_address>0x880c4</load_address>
         <run_address>0x880c4</run_address>
         <size>0x15</size>
         <input_file_ref idref="fl-23"/>
      </object_component>
      <object_component id="oc-3dc">
         <name>.text:SCI_getTxFIFOStatus</name>
         <load_address>0x880d9</load_address>
         <run_address>0x880d9</run_address>
         <size>0x15</size>
         <input_file_ref idref="fl-2a"/>
      </object_component>
      <object_component id="oc-3cf">
         <name>.text:SCI_isBaseValid</name>
         <load_address>0x880ee</load_address>
         <run_address>0x880ee</run_address>
         <size>0x15</size>
         <input_file_ref idref="fl-2a"/>
      </object_component>
      <object_component id="oc-2f8">
         <name>.text</name>
         <load_address>0x88103</load_address>
         <run_address>0x88103</run_address>
         <size>0x15</size>
         <input_file_ref idref="fl-5a"/>
      </object_component>
      <object_component id="oc-5e9">
         <name>.text:DCC_disableModule</name>
         <load_address>0x88118</load_address>
         <run_address>0x88118</run_address>
         <size>0x14</size>
         <input_file_ref idref="fl-2b"/>
      </object_component>
      <object_component id="oc-61f">
         <name>.text:DCC_enableModule</name>
         <load_address>0x8812c</load_address>
         <run_address>0x8812c</run_address>
         <size>0x14</size>
         <input_file_ref idref="fl-2b"/>
      </object_component>
      <object_component id="oc-532">
         <name>.text:GPIO_isPinValid</name>
         <load_address>0x88140</load_address>
         <run_address>0x88140</run_address>
         <size>0x14</size>
         <input_file_ref idref="fl-27"/>
      </object_component>
      <object_component id="oc-54b">
         <name>.text:SCI_enableModule</name>
         <load_address>0x88154</load_address>
         <run_address>0x88154</run_address>
         <size>0x14</size>
         <input_file_ref idref="fl-2a"/>
      </object_component>
      <object_component id="oc-241">
         <name>.text</name>
         <load_address>0x88168</load_address>
         <run_address>0x88168</run_address>
         <size>0x12</size>
         <input_file_ref idref="fl-59"/>
      </object_component>
      <object_component id="oc-6a5">
         <name>.text:DCC_isBaseValid</name>
         <load_address>0x8817a</load_address>
         <run_address>0x8817a</run_address>
         <size>0x10</size>
         <input_file_ref idref="fl-2b"/>
      </object_component>
      <object_component id="oc-435">
         <name>.text:Flash_isCtrlBaseValid</name>
         <load_address>0x8818a</load_address>
         <run_address>0x8818a</run_address>
         <size>0x10</size>
         <input_file_ref idref="fl-26"/>
      </object_component>
      <object_component id="oc-43c">
         <name>.text:Flash_isECCBaseValid</name>
         <load_address>0x8819a</load_address>
         <run_address>0x8819a</run_address>
         <size>0x10</size>
         <input_file_ref idref="fl-26"/>
      </object_component>
      <object_component id="oc-587">
         <name>.text</name>
         <load_address>0x881aa</load_address>
         <run_address>0x881aa</run_address>
         <size>0x10</size>
         <input_file_ref idref="fl-6d"/>
      </object_component>
      <object_component id="oc-378">
         <name>.text:Interrupt_defaultHandler</name>
         <load_address>0x881ba</load_address>
         <run_address>0x881ba</run_address>
         <size>0xe</size>
         <input_file_ref idref="fl-28"/>
      </object_component>
      <object_component id="oc-1fc">
         <name>.text</name>
         <load_address>0x881c8</load_address>
         <run_address>0x881c8</run_address>
         <size>0xe</size>
         <input_file_ref idref="fl-3f"/>
      </object_component>
      <object_component id="oc-370">
         <name>.text:Interrupt_disableMaster</name>
         <load_address>0x881d6</load_address>
         <run_address>0x881d6</run_address>
         <size>0xd</size>
         <input_file_ref idref="fl-28"/>
      </object_component>
      <object_component id="oc-d1">
         <name>.text:decompress:ZI:__TI_zero_init_nomemset</name>
         <load_address>0x881e3</load_address>
         <run_address>0x881e3</run_address>
         <size>0xd</size>
         <input_file_ref idref="fl-4f"/>
      </object_component>
      <object_component id="oc-109">
         <name>.text</name>
         <load_address>0x881f0</load_address>
         <run_address>0x881f0</run_address>
         <size>0xc</size>
         <input_file_ref idref="fl-56"/>
      </object_component>
      <object_component id="oc-1e3">
         <name>.text</name>
         <load_address>0x881fc</load_address>
         <run_address>0x881fc</run_address>
         <size>0xc</size>
         <input_file_ref idref="fl-3b"/>
      </object_component>
      <object_component id="oc-57b">
         <name>.text</name>
         <load_address>0x88208</load_address>
         <run_address>0x88208</run_address>
         <size>0xc</size>
         <input_file_ref idref="fl-6e"/>
      </object_component>
      <object_component id="oc-475">
         <name>.text:SysCtl_isMCDClockFailureDetected</name>
         <load_address>0x88214</load_address>
         <run_address>0x88214</run_address>
         <size>0xb</size>
         <input_file_ref idref="fl-2b"/>
      </object_component>
      <object_component id="oc-58d">
         <name>.text</name>
         <load_address>0x8821f</load_address>
         <run_address>0x8821f</run_address>
         <size>0xb</size>
         <input_file_ref idref="fl-71"/>
      </object_component>
      <object_component id="oc-26f">
         <name>.text</name>
         <load_address>0x8822a</load_address>
         <run_address>0x8822a</run_address>
         <size>0x9</size>
         <input_file_ref idref="fl-55"/>
      </object_component>
      <object_component id="oc-4f8">
         <name>.text</name>
         <load_address>0x88233</load_address>
         <run_address>0x88233</run_address>
         <size>0x9</size>
         <input_file_ref idref="fl-61"/>
      </object_component>
      <object_component id="oc-ae">
         <name>.text:decompress:none</name>
         <load_address>0x8823c</load_address>
         <run_address>0x8823c</run_address>
         <size>0x8</size>
         <input_file_ref idref="fl-50"/>
      </object_component>
      <object_component id="oc-dd">
         <name>.text</name>
         <load_address>0x88244</load_address>
         <run_address>0x88244</run_address>
         <size>0x8</size>
         <input_file_ref idref="fl-15"/>
      </object_component>
      <object_component id="oc-24d">
         <name>.text</name>
         <load_address>0x8824c</load_address>
         <run_address>0x8824c</run_address>
         <size>0x8</size>
         <input_file_ref idref="fl-58"/>
      </object_component>
      <object_component id="oc-69c">
         <name>.text:SysCtl_resetMCD</name>
         <load_address>0x88254</load_address>
         <run_address>0x88254</run_address>
         <size>0x7</size>
         <input_file_ref idref="fl-2b"/>
      </object_component>
      <object_component id="oc-ed">
         <name>.text</name>
         <load_address>0x8825b</load_address>
         <run_address>0x8825b</run_address>
         <size>0x7</size>
         <input_file_ref idref="fl-57"/>
      </object_component>
      <object_component id="oc-581">
         <name>.text</name>
         <load_address>0x88262</load_address>
         <run_address>0x88262</run_address>
         <size>0x5</size>
         <input_file_ref idref="fl-6f"/>
      </object_component>
      <object_component id="oc-b5">
         <name>codestart</name>
         <load_address>0x80000</load_address>
         <run_address>0x80000</run_address>
         <size>0x2</size>
         <input_file_ref idref="fl-15"/>
      </object_component>
      <object_component id="oc-c6">
         <name>.stack</name>
         <uninitialized>true</uninitialized>
         <run_address>0x400</run_address>
         <size>0x0</size>
         <input_file_ref idref="fl-3a"/>
      </object_component>
      <object_component id="oc-7b7">
         <name>.stack</name>
         <uninitialized>true</uninitialized>
         <run_address>0x400</run_address>
         <size>0x0</size>
      </object_component>
      <object_component id="oc-262">
         <name>.bss</name>
         <uninitialized>true</uninitialized>
         <run_address>0xb0c4</run_address>
         <size>0xd</size>
         <input_file_ref idref="fl-5"/>
      </object_component>
      <object_component id="oc-1ee">
         <name>.bss:newControlTrips</name>
         <uninitialized>true</uninitialized>
         <run_address>0xb0b6</run_address>
         <size>0xe</size>
         <input_file_ref idref="fl-5"/>
      </object_component>
      <object_component id="oc-212">
         <name>.bss:discreteCoeffs</name>
         <uninitialized>true</uninitialized>
         <run_address>0xb0a8</run_address>
         <size>0xe</size>
         <input_file_ref idref="fl-5"/>
      </object_component>
      <object_component id="oc-238">
         <name>.bss:txt_string</name>
         <uninitialized>true</uninitialized>
         <run_address>0xb094</run_address>
         <size>0x14</size>
         <input_file_ref idref="fl-5"/>
      </object_component>
      <object_component id="oc-2cb">
         <name>.bss:slot</name>
         <uninitialized>true</uninitialized>
         <run_address>0xb000</run_address>
         <size>0x62</size>
         <input_file_ref idref="fl-7"/>
      </object_component>
      <object_component id="oc-3ec">
         <name>.bss:count</name>
         <uninitialized>true</uninitialized>
         <run_address>0xb0d1</run_address>
         <size>0x2</size>
         <input_file_ref idref="fl-e"/>
      </object_component>
      <object_component id="oc-3ef">
         <name>.bss:cfg</name>
         <uninitialized>true</uninitialized>
         <run_address>0xb080</run_address>
         <size>0x14</size>
         <input_file_ref idref="fl-e"/>
      </object_component>
      <object_component id="oc-300">
         <name>.bss</name>
         <uninitialized>true</uninitialized>
         <run_address>0xb062</run_address>
         <size>0x1e</size>
         <input_file_ref idref="fl-13"/>
      </object_component>
      <object_component id="oc-34b">
         <name>.data</name>
         <load_address>0xbc02</load_address>
         <run_address>0xbc02</run_address>
         <size>0x4</size>
         <input_file_ref idref="fl-3"/>
      </object_component>
      <object_component id="oc-25f">
         <name>.data</name>
         <load_address>0xbb56</load_address>
         <run_address>0xbb56</run_address>
         <size>0x24</size>
         <input_file_ref idref="fl-5"/>
      </object_component>
      <object_component id="oc-318">
         <name>.data:cfg</name>
         <load_address>0xbb7a</load_address>
         <run_address>0xbb7a</run_address>
         <size>0x1e</size>
         <input_file_ref idref="fl-6"/>
      </object_component>
      <object_component id="oc-315">
         <name>.data:soc</name>
         <load_address>0xbb24</load_address>
         <run_address>0xbb24</run_address>
         <size>0x32</size>
         <input_file_ref idref="fl-6"/>
      </object_component>
      <object_component id="oc-2ed">
         <name>.data</name>
         <load_address>0xbc06</load_address>
         <run_address>0xbc06</run_address>
         <size>0x3</size>
         <input_file_ref idref="fl-7"/>
      </object_component>
      <object_component id="oc-2cf">
         <name>.data:cfgMod</name>
         <load_address>0xbbcc</load_address>
         <run_address>0xbbcc</run_address>
         <size>0xc</size>
         <input_file_ref idref="fl-7"/>
      </object_component>
      <object_component id="oc-2e4">
         <name>.data:cfgMsg</name>
         <load_address>0xbade</load_address>
         <run_address>0xbade</run_address>
         <size>0x46</size>
         <input_file_ref idref="fl-7"/>
      </object_component>
      <object_component id="oc-343">
         <name>.data:enbdisCfg</name>
         <load_address>0xbbee</load_address>
         <run_address>0xbbee</run_address>
         <size>0x7</size>
         <input_file_ref idref="fl-8"/>
      </object_component>
      <object_component id="oc-32d">
         <name>.data:cfg</name>
         <load_address>0xb9b2</load_address>
         <run_address>0xb9b2</run_address>
         <size>0x70</size>
         <input_file_ref idref="fl-8"/>
      </object_component>
      <object_component id="oc-3f8">
         <name>.data:et</name>
         <load_address>0xbbd8</load_address>
         <run_address>0xbbd8</run_address>
         <size>0xc</size>
         <input_file_ref idref="fl-a"/>
      </object_component>
      <object_component id="oc-3f4">
         <name>.data:tz</name>
         <load_address>0xbbb4</load_address>
         <run_address>0xbbb4</run_address>
         <size>0x18</size>
         <input_file_ref idref="fl-a"/>
      </object_component>
      <object_component id="oc-3fb">
         <name>.data:dc</name>
         <load_address>0xbb98</load_address>
         <run_address>0xbb98</run_address>
         <size>0x1c</size>
         <input_file_ref idref="fl-a"/>
      </object_component>
      <object_component id="oc-3fe">
         <name>.data:cfg</name>
         <load_address>0xba8e</load_address>
         <run_address>0xba8e</run_address>
         <size>0x50</size>
         <input_file_ref idref="fl-a"/>
      </object_component>
      <object_component id="oc-2f4">
         <name>.data:error</name>
         <load_address>0xba22</load_address>
         <run_address>0xba22</run_address>
         <size>0x6c</size>
         <input_file_ref idref="fl-b"/>
      </object_component>
      <object_component id="oc-38b">
         <name>.data:cfg</name>
         <load_address>0xb800</load_address>
         <run_address>0xb800</run_address>
         <size>0x1b2</size>
         <input_file_ref idref="fl-c"/>
      </object_component>
      <object_component id="oc-3b1">
         <name>.data:cfg</name>
         <load_address>0xbbe4</load_address>
         <run_address>0xbbe4</run_address>
         <size>0xa</size>
         <input_file_ref idref="fl-11"/>
      </object_component>
      <object_component id="oc-30f">
         <name>.data:cfg</name>
         <load_address>0xbbfc</load_address>
         <run_address>0xbbfc</run_address>
         <size>0x5</size>
         <input_file_ref idref="fl-13"/>
      </object_component>
      <object_component id="oc-153">
         <name>.data</name>
         <load_address>0xbbf6</load_address>
         <run_address>0xbbf6</run_address>
         <size>0x6</size>
         <input_file_ref idref="fl-54"/>
      </object_component>
      <object_component id="oc-156">
         <name>.data:_lock</name>
         <load_address>0xbc0a</load_address>
         <run_address>0xbc0a</run_address>
         <size>0x2</size>
         <input_file_ref idref="fl-55"/>
      </object_component>
      <object_component id="oc-40c">
         <name>.data:_unlock</name>
         <load_address>0xbc0c</load_address>
         <run_address>0xbc0c</run_address>
         <size>0x2</size>
         <input_file_ref idref="fl-55"/>
      </object_component>
      <object_component id="oc-368">
         <name>.data</name>
         <load_address>0xbbf5</load_address>
         <run_address>0xbbf5</run_address>
         <size>0x1</size>
         <input_file_ref idref="fl-5b"/>
      </object_component>
      <object_component id="oc-19b">
         <name>.const:.string</name>
         <load_address>0x85000</load_address>
         <run_address>0x85000</run_address>
         <size>0x123</size>
         <input_file_ref idref="fl-5"/>
      </object_component>
      <object_component id="oc-673">
         <name>.const:.string:_ctypes_</name>
         <load_address>0x85123</load_address>
         <run_address>0x85123</run_address>
         <size>0x101</size>
         <input_file_ref idref="fl-6c"/>
      </object_component>
      <object_component id="oc-43b">
         <name>.const:.string</name>
         <load_address>0x85224</load_address>
         <run_address>0x85224</run_address>
         <size>0xf0</size>
         <input_file_ref idref="fl-26"/>
      </object_component>
      <object_component id="oc-48b">
         <name>.const:.string</name>
         <load_address>0x85314</load_address>
         <run_address>0x85314</run_address>
         <size>0xef</size>
         <input_file_ref idref="fl-27"/>
      </object_component>
      <object_component id="oc-474">
         <name>.const:.string</name>
         <load_address>0x85404</load_address>
         <run_address>0x85404</run_address>
         <size>0xef</size>
         <input_file_ref idref="fl-2b"/>
      </object_component>
      <object_component id="oc-49e">
         <name>.const:.string</name>
         <load_address>0x854f4</load_address>
         <run_address>0x854f4</run_address>
         <size>0xec</size>
         <input_file_ref idref="fl-23"/>
      </object_component>
      <object_component id="oc-3d5">
         <name>.const:.string</name>
         <load_address>0x855e0</load_address>
         <run_address>0x855e0</run_address>
         <size>0xec</size>
         <input_file_ref idref="fl-2a"/>
      </object_component>
      <object_component id="oc-330">
         <name>.const:.string</name>
         <load_address>0x856cc</load_address>
         <run_address>0x856cc</run_address>
         <size>0x8d</size>
         <input_file_ref idref="fl-8"/>
      </object_component>
      <object_component id="oc-31b">
         <name>.const:.string</name>
         <load_address>0x8575a</load_address>
         <run_address>0x8575a</run_address>
         <size>0x87</size>
         <input_file_ref idref="fl-6"/>
      </object_component>
      <object_component id="oc-2ce">
         <name>.const:.string</name>
         <load_address>0x857e2</load_address>
         <run_address>0x857e2</run_address>
         <size>0x87</size>
         <input_file_ref idref="fl-7"/>
      </object_component>
      <object_component id="oc-3b4">
         <name>.const:.string</name>
         <load_address>0x8586a</load_address>
         <run_address>0x8586a</run_address>
         <size>0x87</size>
         <input_file_ref idref="fl-11"/>
      </object_component>
      <object_component id="oc-658">
         <name>.const:ipio2</name>
         <load_address>0x858f2</load_address>
         <run_address>0x858f2</run_address>
         <size>0x84</size>
         <input_file_ref idref="fl-53"/>
      </object_component>
      <object_component id="oc-282">
         <name>.const:.string</name>
         <load_address>0x85976</load_address>
         <run_address>0x85976</run_address>
         <size>0x79</size>
         <input_file_ref idref="fl-29"/>
      </object_component>
      <object_component id="oc-4e8">
         <name>.const:.string</name>
         <load_address>0x859f0</load_address>
         <run_address>0x859f0</run_address>
         <size>0x78</size>
         <input_file_ref idref="fl-25"/>
      </object_component>
      <object_component id="oc-4d7">
         <name>.const:.string</name>
         <load_address>0x85a68</load_address>
         <run_address>0x85a68</run_address>
         <size>0x76</size>
         <input_file_ref idref="fl-22"/>
      </object_component>
      <object_component id="oc-312">
         <name>.const:.string</name>
         <load_address>0x85ade</load_address>
         <run_address>0x85ade</run_address>
         <size>0x6d</size>
         <input_file_ref idref="fl-13"/>
      </object_component>
      <object_component id="oc-3f7">
         <name>.const:.string</name>
         <load_address>0x85b4c</load_address>
         <run_address>0x85b4c</run_address>
         <size>0x6c</size>
         <input_file_ref idref="fl-a"/>
      </object_component>
      <object_component id="oc-38e">
         <name>.const:.string</name>
         <load_address>0x85bb8</load_address>
         <run_address>0x85bb8</run_address>
         <size>0x6c</size>
         <input_file_ref idref="fl-c"/>
      </object_component>
      <object_component id="oc-568">
         <name>.const</name>
         <load_address>0x85c24</load_address>
         <run_address>0x85c24</run_address>
         <size>0x1c</size>
         <input_file_ref idref="fl-5c"/>
      </object_component>
      <object_component id="oc-517">
         <name>.const</name>
         <load_address>0x85c40</load_address>
         <run_address>0x85c40</run_address>
         <size>0x64</size>
         <input_file_ref idref="fl-52"/>
      </object_component>
      <object_component id="oc-4fd">
         <name>.const:xxx</name>
         <load_address>0x85ca4</load_address>
         <run_address>0x85ca4</run_address>
         <size>0x40</size>
         <input_file_ref idref="fl-5d"/>
      </object_component>
      <object_component id="oc-190">
         <name>.const</name>
         <load_address>0x85ce4</load_address>
         <run_address>0x85ce4</run_address>
         <size>0x30</size>
         <input_file_ref idref="fl-5"/>
      </object_component>
      <object_component id="oc-65b">
         <name>.const</name>
         <load_address>0x85d14</load_address>
         <run_address>0x85d14</run_address>
         <size>0x2c</size>
         <input_file_ref idref="fl-53"/>
      </object_component>
      <object_component id="oc-562">
         <name>.const:.string</name>
         <load_address>0x85d40</load_address>
         <run_address>0x85d40</run_address>
         <size>0x26</size>
         <input_file_ref idref="fl-5c"/>
      </object_component>
      <object_component id="oc-2f7">
         <name>.const:.string</name>
         <load_address>0x85d66</load_address>
         <run_address>0x85d66</run_address>
         <size>0x23</size>
         <input_file_ref idref="fl-b"/>
      </object_component>
      <object_component id="oc-34f">
         <name>.const:.string</name>
         <load_address>0x85d8a</load_address>
         <run_address>0x85d8a</run_address>
         <size>0x21</size>
         <input_file_ref idref="fl-3"/>
      </object_component>
      <object_component id="oc-664">
         <name>.const:PIo2</name>
         <load_address>0x85dac</load_address>
         <run_address>0x85dac</run_address>
         <size>0x20</size>
         <input_file_ref idref="fl-53"/>
      </object_component>
      <object_component id="oc-680">
         <name>.const</name>
         <load_address>0x85dcc</load_address>
         <run_address>0x85dcc</run_address>
         <size>0x1c</size>
         <input_file_ref idref="fl-60"/>
      </object_component>
      <object_component id="oc-34e">
         <name>.const</name>
         <load_address>0x85de8</load_address>
         <run_address>0x85de8</run_address>
         <size>0xc</size>
         <input_file_ref idref="fl-3"/>
      </object_component>
      <object_component id="oc-6be">
         <name>.const</name>
         <load_address>0x85df4</load_address>
         <run_address>0x85df4</run_address>
         <size>0xc</size>
         <input_file_ref idref="fl-5e"/>
      </object_component>
      <object_component id="oc-2ba">
         <name>.const</name>
         <load_address>0x85e00</load_address>
         <run_address>0x85e00</run_address>
         <size>0x8</size>
         <input_file_ref idref="fl-14"/>
      </object_component>
      <object_component id="oc-50a">
         <name>.const</name>
         <load_address>0x85e08</load_address>
         <run_address>0x85e08</run_address>
         <size>0x8</size>
         <input_file_ref idref="fl-5d"/>
      </object_component>
      <object_component id="oc-67b">
         <name>.const</name>
         <load_address>0x85e10</load_address>
         <run_address>0x85e10</run_address>
         <size>0x8</size>
         <input_file_ref idref="fl-5f"/>
      </object_component>
      <object_component id="oc-650">
         <name>.const:init_jk</name>
         <load_address>0x85e18</load_address>
         <run_address>0x85e18</run_address>
         <size>0x4</size>
         <input_file_ref idref="fl-53"/>
      </object_component>
      <object_component id="oc-179">
         <name>Cla1Prog:Cla1Task1</name>
         <load_address>0x84000</load_address>
         <run_address>0x8000</run_address>
         <size>0x10e</size>
         <input_file_ref idref="fl-4"/>
      </object_component>
      <object_component id="oc-17f">
         <name>Cla1Prog:Cla1Task2</name>
         <load_address>0x8410e</load_address>
         <run_address>0x810e</run_address>
         <size>0x20</size>
         <input_file_ref idref="fl-4"/>
      </object_component>
      <object_component id="oc-297">
         <name>Cla1ToCpuMsgRAM</name>
         <uninitialized>true</uninitialized>
         <run_address>0x1480</run_address>
         <size>0x2</size>
         <input_file_ref idref="fl-5"/>
      </object_component>
      <object_component id="oc-265">
         <name>CpuToCla1MsgRAM</name>
         <uninitialized>true</uninitialized>
         <run_address>0x1500</run_address>
         <size>0xe</size>
         <input_file_ref idref="fl-5"/>
      </object_component>
      <object_component id="oc-2a8">
         <name>.TI.ramfunc:Flash_initModule</name>
         <load_address>0x81000</load_address>
         <run_address>0x9000</run_address>
         <size>0x44</size>
         <input_file_ref idref="fl-26"/>
      </object_component>
      <object_component id="oc-442">
         <name>.TI.ramfunc:Flash_setBankPowerMode</name>
         <load_address>0x81044</load_address>
         <run_address>0x9044</run_address>
         <size>0x2d</size>
         <input_file_ref idref="fl-26"/>
      </object_component>
      <object_component id="oc-45a">
         <name>.TI.ramfunc:Flash_setWaitstates</name>
         <load_address>0x81071</load_address>
         <run_address>0x9071</run_address>
         <size>0x26</size>
         <input_file_ref idref="fl-26"/>
      </object_component>
      <object_component id="oc-448">
         <name>.TI.ramfunc:Flash_setPumpPowerMode</name>
         <load_address>0x81097</load_address>
         <run_address>0x9097</run_address>
         <size>0x1e</size>
         <input_file_ref idref="fl-26"/>
      </object_component>
      <object_component id="oc-44e">
         <name>.TI.ramfunc:Flash_disableCache</name>
         <load_address>0x810b5</load_address>
         <run_address>0x90b5</run_address>
         <size>0x1a</size>
         <input_file_ref idref="fl-26"/>
      </object_component>
      <object_component id="oc-454">
         <name>.TI.ramfunc:Flash_disablePrefetch</name>
         <load_address>0x810cf</load_address>
         <run_address>0x90cf</run_address>
         <size>0x1a</size>
         <input_file_ref idref="fl-26"/>
      </object_component>
      <object_component id="oc-460">
         <name>.TI.ramfunc:Flash_enableCache</name>
         <load_address>0x810e9</load_address>
         <run_address>0x90e9</run_address>
         <size>0x19</size>
         <input_file_ref idref="fl-26"/>
      </object_component>
      <object_component id="oc-466">
         <name>.TI.ramfunc:Flash_enablePrefetch</name>
         <load_address>0x81102</load_address>
         <run_address>0x9102</run_address>
         <size>0x19</size>
         <input_file_ref idref="fl-26"/>
      </object_component>
      <object_component id="oc-46c">
         <name>.TI.ramfunc:Flash_enableECC</name>
         <load_address>0x8111b</load_address>
         <run_address>0x911b</run_address>
         <size>0x17</size>
         <input_file_ref idref="fl-26"/>
[...]
      </symbol>
      <symbol id="sm-52b">
         <name>Device_enableAllPeripherals</name>
         <value>0x86cc6</value>
         <object_component_ref idref="oc-19c"/>
      </symbol>
      <symbol id="sm-52c">
         <name>Device_initGPIO</name>
         <value>0x86c9d</value>
         <object_component_ref idref="oc-19c"/>
      </symbol>
      <symbol id="sm-52d">
         <name>Device_init</name>
         <value>0x86d3d</value>
         <object_component_ref idref="oc-19c"/>
      </symbol>
      <symbol id="sm-52e">
         <name>__error__</name>
         <value>0x86c9a</value>
         <object_component_ref idref="oc-19c"/>
      </symbol>
      <symbol id="sm-53d">
         <name>code_start</name>
         <value>0x80000</value>
         <object_component_ref idref="oc-b5"/>
      </symbol>
      <symbol id="sm-564">
         <name>ADC_setVREF</name>
         <value>0x8743c</value>
         <object_component_ref idref="oc-31c"/>
      </symbol>
      <symbol id="sm-5d8">
         <name>CAN_sendMessage</name>
         <value>0x872e8</value>
         <object_component_ref idref="oc-2d2"/>
      </symbol>
      <symbol id="sm-5d9">
         <name>CAN_setBitTiming</name>
         <value>0x873d2</value>
         <object_component_ref idref="oc-4ae"/>
      </symbol>
      <symbol id="sm-5da">
         <name>CAN_setupMessageObject</name>
         <value>0x86e87</value>
         <object_component_ref idref="oc-2e7"/>
      </symbol>
      <symbol id="sm-5db">
         <name>CAN_initModule</name>
         <value>0x87dc6</value>
         <object_component_ref idref="oc-2d8"/>
      </symbol>
      <symbol id="sm-5dc">
         <name>CAN_setBitRate</name>
         <value>0x87504</value>
         <object_component_ref idref="oc-2de"/>
      </symbol>
      <symbol id="sm-5eb">
         <name>CLA_setTriggerSource</name>
         <value>0x87c26</value>
         <object_component_ref idref="oc-185"/>
      </symbol>
      <symbol id="sm-622">
         <name>CMPSS_configFilterHigh</name>
         <value>0x87713</value>
         <object_component_ref idref="oc-337"/>
      </symbol>
      <symbol id="sm-623">
         <name>CMPSS_configFilterLow</name>
         <value>0x8775c</value>
         <object_component_ref idref="oc-33d"/>
      </symbol>
      <symbol id="sm-624">
         <name>CMPSS_configRamp</name>
         <value>0x877a5</value>
         <object_component_ref idref="oc-331"/>
      </symbol>
      <symbol id="sm-694">
         <name>Flash_initModule</name>
         <value>0x9000</value>
         <object_component_ref idref="oc-2a8"/>
      </symbol>
      <symbol id="sm-6e2">
         <name>GPIO_setQualificationMode</name>
         <value>0x87962</value>
         <object_component_ref idref="oc-3a7"/>
      </symbol>
      <symbol id="sm-6e3">
         <name>GPIO_setPadConfig</name>
         <value>0x87670</value>
         <object_component_ref idref="oc-38f"/>
      </symbol>
      <symbol id="sm-6e4">
         <name>GPIO_setAnalogMode</name>
         <value>0x878ef</value>
         <object_component_ref idref="oc-2c1"/>
      </symbol>
      <symbol id="sm-6e5">
         <name>GPIO_setDirectionMode</name>
         <value>0x87a09</value>
         <object_component_ref idref="oc-39b"/>
      </symbol>
      <symbol id="sm-6e6">
         <name>GPIO_setPinConfig</name>
         <value>0x879d2</value>
         <object_component_ref idref="oc-395"/>
      </symbol>
      <symbol id="sm-6e7">
         <name>GPIO_setMasterCore</name>
         <value>0x8792a</value>
         <object_component_ref idref="oc-3a1"/>
      </symbol>
      <symbol id="sm-724">
         <name>Interrupt_initModule</name>
         <value>0x878b2</value>
         <object_component_ref idref="oc-21a"/>
      </symbol>
      <symbol id="sm-725">
         <name>Interrupt_initVectorTable</name>
         <value>0x87d68</value>
         <object_component_ref idref="oc-220"/>
      </symbol>
      <symbol id="sm-737">
         <name>MemCfg_setLSRAMMasterSel</name>
         <value>0x8799a</value>
         <object_component_ref idref="oc-173"/>
      </symbol>
      <symbol id="sm-7a8">
         <name>SCI_clearInterruptStatus</name>
         <value>0x877ed</value>
         <object_component_ref idref="oc-3bb"/>
      </symbol>
      <symbol id="sm-7a9">
         <name>SCI_writeCharArray</name>
         <value>0x87833</value>
         <object_component_ref idref="oc-247"/>
      </symbol>
      <symbol id="sm-7aa">
         <name>SCI_setConfig</name>
         <value>0x87874</value>
         <object_component_ref idref="oc-3b5"/>
      </symbol>
      <symbol id="sm-8b7">
         <name>SysCtl_isPLLValid</name>
         <value>0x870b8</value>
         <object_component_ref idref="oc-481"/>
      </symbol>
      <symbol id="sm-8b8">
         <name>SysCtl_delay</name>
         <value>0x9132</value>
         <object_component_ref idref="oc-322"/>
      </symbol>
      <symbol id="sm-8b9">
         <name>SysCtl_selectXTALSingleEnded</name>
         <value>0x87f4c</value>
         <object_component_ref idref="oc-5d0"/>
      </symbol>
      <symbol id="sm-8ba">
         <name>SysCtl_selectXTAL</name>
         <value>0x87cbc</value>
         <object_component_ref idref="oc-5ca"/>
      </symbol>
      <symbol id="sm-8bb">
         <name>SysCtl_selectOscSource</name>
         <value>0x87565</value>
         <object_component_ref idref="oc-47b"/>
      </symbol>
      <symbol id="sm-8bc">
         <name>SysCtl_getLowSpeedClock</name>
         <value>0x87f32</value>
         <object_component_ref idref="oc-2bb"/>
      </symbol>
      <symbol id="sm-8bd">
         <name>SysCtl_setClock</name>
         <value>0x86f66</value>
         <object_component_ref idref="oc-2ae"/>
      </symbol>
      <symbol id="sm-8be">
         <name>SysCtl_getClock</name>
         <value>0x876c2</value>
         <object_component_ref idref="oc-2b4"/>
      </symbol>
      <symbol id="sm-8cd">
         <name>XBAR_setEPWMMuxConfig</name>
         <value>0x87afa</value>
         <object_component_ref idref="oc-1a2"/>
      </symbol>
      <symbol id="sm-8dc">
         <name>sprintf</name>
         <value>0x82fcb</value>
         <object_component_ref idref="oc-23b"/>
      </symbol>
      <symbol id="sm-8f3">
         <name>tanl</name>
         <value>0x87153</value>
         <object_component_ref idref="oc-20c"/>
      </symbol>
      <symbol id="sm-8f4">
         <name>tan</name>
         <value>0x87153</value>
         <object_component_ref idref="oc-20c"/>
      </symbol>
      <symbol id="sm-8fe">
         <name>_c_int00</name>
         <value>0x88028</value>
         <object_component_ref idref="oc-f4"/>
      </symbol>
      <symbol id="sm-8ff">
         <name>__stack</name>
         <value>0x400</value>
         <object_component_ref idref="oc-c6"/>
      </symbol>
      <symbol id="sm-907">
         <name>_epilog_c28x_1</name>
         <value>0x881fc</value>
         <object_component_ref idref="oc-1e3"/>
      </symbol>
      <symbol id="sm-908">
         <name>_epilog_c28x_2</name>
         <value>0x88200</value>
         <object_component_ref idref="oc-1e3"/>
      </symbol>
      <symbol id="sm-91f">
         <name>__c28xabi_addd</name>
         <value>0x8701c</value>
         <object_component_ref idref="oc-1b8"/>
      </symbol>
      <symbol id="sm-92b">
         <name>__c28xabi_cmpd</name>
         <value>0x87ba9</value>
         <object_component_ref idref="oc-1de"/>
      </symbol>
      <symbol id="sm-939">
         <name>__c28xabi_mpyd</name>
         <value>0x87265</value>
         <object_component_ref idref="oc-191"/>
      </symbol>
      <symbol id="sm-941">
         <name>__c28xabi_subd</name>
         <value>0x881c8</value>
         <object_component_ref idref="oc-1fc"/>
      </symbol>
      <symbol id="sm-94c">
         <name>__c28xabi_dtoi</name>
         <value>0x87d47</value>
         <object_component_ref idref="oc-352"/>
      </symbol>
      <symbol id="sm-957">
         <name>__c28xabi_dtou</name>
         <value>0x87f66</value>
         <object_component_ref idref="oc-1bd"/>
      </symbol>
      <symbol id="sm-962">
         <name>__c28xabi_dtoul</name>
         <value>0x87ee3</value>
         <object_component_ref idref="oc-196"/>
      </symbol>
      <symbol id="sm-96f">
         <name>__c28xabi_divf</name>
         <value>0x871dd</value>
         <object_component_ref idref="oc-215"/>
      </symbol>
      <symbol id="sm-979">
         <name>__c28xabi_cmpll</name>
         <value>0x87de4</value>
         <object_component_ref idref="oc-363"/>
      </symbol>
      <symbol id="sm-97a">
         <name>__c28xabi_cmpull</name>
         <value>0x87df6</value>
         <object_component_ref idref="oc-363"/>
      </symbol>
      <symbol id="sm-987">
         <name>__c28xabi_utod</name>
         <value>0x8803f</value>
         <object_component_ref idref="oc-1f7"/>
      </symbol>
      <symbol id="sm-98f">
         <name>__c28xabi_divul</name>
         <value>0x87bf0</value>
         <object_component_ref idref="oc-1d4"/>
      </symbol>
      <symbol id="sm-990">
         <name>__c28xabi_modul</name>
         <value>0x87bf7</value>
         <object_component_ref idref="oc-1d4"/>
      </symbol>
      <symbol id="sm-991">
         <name>__c28xabi_modl</name>
         <value>0x87be2</value>
         <object_component_ref idref="oc-1d4"/>
      </symbol>
      <symbol id="sm-992">
         <name>__c28xabi_divl</name>
         <value>0x87bd3</value>
         <object_component_ref idref="oc-1d4"/>
      </symbol>
      <symbol id="sm-99f">
         <name>__c28xabi_ultod</name>
         <value>0x880ae</value>
         <object_component_ref idref="oc-18b"/>
      </symbol>
      <symbol id="sm-9a7">
         <name>_prolog_c28x_1</name>
         <value>0x87fb2</value>
         <object_component_ref idref="oc-1d9"/>
      </symbol>
      <symbol id="sm-9a8">
         <name>_prolog_c28x_2</name>
         <value>0x87fb6</value>
         <object_component_ref idref="oc-1d9"/>
      </symbol>
      <symbol id="sm-9a9">
         <name>_prolog_c28x_3</name>
         <value>0x87fbe</value>
         <object_component_ref idref="oc-1d9"/>
      </symbol>
      <symbol id="sm-9b5">
         <name>__c28xabi_ftod</name>
         <value>0x87e75</value>
         <object_component_ref idref="oc-1ae"/>
      </symbol>
      <symbol id="sm-9c1">
         <name>__c28xabi_dtof</name>
         <value>0x87ce0</value>
         <object_component_ref idref="oc-201"/>
      </symbol>
      <symbol id="sm-9d4">
         <name>__c28xabi_divd</name>
         <value>0x84f71</value>
         <object_component_ref idref="oc-1b3"/>
      </symbol>
      <symbol id="sm-9e6">
         <name>memcpy</name>
         <value>0x87e3c</value>
         <object_component_ref idref="oc-c9"/>
      </symbol>
      <symbol id="sm-9f3">
         <name>_system_pre_init</name>
         <value>0x84ffc</value>
         <object_component_ref idref="oc-102"/>
      </symbol>
      <symbol id="sm-a02">
         <name>__TI_auto_init_nobinit_nopinit</name>
         <value>0x87b28</value>
         <object_component_ref idref="oc-11b"/>
      </symbol>
      <symbol id="sm-a11">
         <name>__TI_zero_init_nomemset</name>
         <value>0x881e3</value>
         <object_component_ref idref="oc-d1"/>
      </symbol>
      <symbol id="sm-a1e">
         <name>__TI_decompress_none</name>
         <value>0x8823c</value>
         <object_component_ref idref="oc-ae"/>
      </symbol>
      <symbol id="sm-a32">
         <name>__TI_decompress_lzss</name>
         <value>0x87a3a</value>
         <object_component_ref idref="oc-a8"/>
      </symbol>
      <symbol id="sm-a6d">
         <name>__rem_pio2</name>
         <value>0x84793</value>
         <object_component_ref idref="oc-35d"/>
      </symbol>
      <symbol id="sm-adf">
         <name>__kernel_rem_pio2</name>
         <value>0x84130</value>
         <object_component_ref idref="oc-51a"/>
      </symbol>
      <symbol id="sm-af5">
         <name>C$$EXIT</name>
         <value>0x87bfd</value>
         <object_component_ref idref="oc-10f"/>
      </symbol>
      <symbol id="sm-af6">
         <name>abort</name>
         <value>0x87bfd</value>
         <object_component_ref idref="oc-10f"/>
      </symbol>
      <symbol id="sm-af7">
         <name>exit</name>
         <value>0x87bff</value>
         <object_component_ref idref="oc-10f"/>
      </symbol>
      <symbol id="sm-af8">
         <name>__TI_dtors_ptr</name>
         <value>0xbbfa</value>
         <object_component_ref idref="oc-153"/>
      </symbol>
      <symbol id="sm-af9">
         <name>__TI_cleanup_ptr</name>
         <value>0xbbf8</value>
         <object_component_ref idref="oc-153"/>
      </symbol>
      <symbol id="sm-afa">
         <name>__TI_enable_exit_profile_output</name>
         <value>0xbbf6</value>
         <object_component_ref idref="oc-153"/>
      </symbol>
      <symbol id="sm-b11">
         <name>_nop</name>
         <value>0x88232</value>
         <object_component_ref idref="oc-26f"/>
      </symbol>
      <symbol id="sm-b12">
         <name>_lock</name>
         <value>0xbc0a</value>
         <object_component_ref idref="oc-156"/>
      </symbol>
      <symbol id="sm-b13">
         <name>_unlock</name>
         <value>0xbc0c</value>
         <object_component_ref idref="oc-40c"/>
      </symbol>
      <symbol id="sm-b14">
         <name>_register_lock</name>
         <value>0x8822e</value>
         <object_component_ref idref="oc-26f"/>
      </symbol>
      <symbol id="sm-b15">
         <name>_register_unlock</name>
         <value>0x8822a</value>
         <object_component_ref idref="oc-26f"/>
      </symbol>
      <symbol id="sm-b24">
         <name>_args_main</name>
         <value>0x881f0</value>
         <object_component_ref idref="oc-109"/>
      </symbol>
      <symbol id="sm-b33">
         <name>memset</name>
         <value>0x8825b</value>
         <object_component_ref idref="oc-ed"/>
      </symbol>
      <symbol id="sm-b41">
         <name>strlen</name>
         <value>0x8824c</value>
         <object_component_ref idref="oc-24d"/>
      </symbol>
      <symbol id="sm-b52">
         <name>strncat</name>
         <value>0x88168</value>
         <object_component_ref idref="oc-241"/>
      </symbol>
      <symbol id="sm-b63">
         <name>strncpy</name>
         <value>0x88103</value>
         <object_component_ref idref="oc-2f8"/>
      </symbol>
      <symbol id="sm-b6e">
         <name>errno</name>
         <value>0xbbf5</value>
         <object_component_ref idref="oc-368"/>
      </symbol>
      <symbol id="sm-ccf">
         <name>__TI_printfi</name>
         <value>0x82b62</value>
         <object_component_ref idref="oc-3c5"/>
      </symbol>
      <symbol id="sm-ceb">
         <name>__kernel_tan</name>
         <value>0x82cf3</value>
         <object_component_ref idref="oc-357"/>
      </symbol>
      <symbol id="sm-d0e">
         <name>floorl</name>
         <value>0x86d9e</value>
         <object_component_ref idref="oc-65e"/>
      </symbol>
      <symbol id="sm-d0f">
         <name>floor</name>
         <value>0x86d9e</value>
         <object_component_ref idref="oc-65e"/>
      </symbol>
      <symbol id="sm-d26">
         <name>frexpl</name>
         <value>0x875c0</value>
         <object_component_ref idref="oc-56f"/>
      </symbol>
      <symbol id="sm-d27">
         <name>frexp</name>
         <value>0x875c0</value>
         <object_component_ref idref="oc-56f"/>
      </symbol>
      <symbol id="sm-d49">
         <name>scalbn</name>
         <value>0x83f4f</value>
         <object_component_ref idref="oc-575"/>
      </symbol>
      <symbol id="sm-d4a">
         <name>scalbnl</name>
         <value>0x83f4f</value>
         <object_component_ref idref="oc-575"/>
      </symbol>
      <symbol id="sm-d4b">
         <name>ldexpl</name>
         <value>0x83f4f</value>
         <object_component_ref idref="oc-575"/>
      </symbol>
      <symbol id="sm-d4c">
         <name>ldexp</name>
         <value>0x83f4f</value>
         <object_component_ref idref="oc-575"/>
      </symbol>
      <symbol id="sm-d55">
         <name>__c28xabi_negd</name>
         <value>0x88233</value>
         <object_component_ref idref="oc-4f8"/>
      </symbol>
      <symbol id="sm-d60">
         <name>__c28xabi_dtol</name>
         <value>0x87da7</value>
         <object_component_ref idref="oc-512"/>
      </symbol>
      <symbol id="sm-d68">
         <name>__c28xabi_orll</name>
         <value>0x87fd3</value>
         <object_component_ref idref="oc-50d"/>
      </symbol>
      <symbol id="sm-d69">
         <name>__c28xabi_xorll</name>
         <value>0x87fdb</value>
         <object_component_ref idref="oc-50d"/>
      </symbol>
      <symbol id="sm-d6a">
         <name>__c28xabi_andll</name>
         <value>0x87fcb</value>
         <object_component_ref idref="oc-50d"/>
      </symbol>
      <symbol id="sm-d91">
         <name>__c28xabi_modull</name>
         <value>0x86c38</value>
         <object_component_ref idref="oc-563"/>
      </symbol>
      <symbol id="sm-d92">
         <name>__c28xabi_divull</name>
         <value>0x86c09</value>
         <object_component_ref idref="oc-563"/>
      </symbol>
      <symbol id="sm-d93">
         <name>__c28xabi_divll</name>
         <value>0x86b93</value>
         <object_component_ref idref="oc-563"/>
      </symbol>
      <symbol id="sm-d94">
         <name>__c28xabi_modll</name>
         <value>0x86bcf</value>
         <object_component_ref idref="oc-563"/>
      </symbol>
      <symbol id="sm-da0">
         <name>__c28xabi_itod</name>
         <value>0x87e1f</value>
         <object_component_ref idref="oc-500"/>
      </symbol>
      <symbol id="sm-daa">
         <name>__c28xabi_modi</name>
         <value>0x87d36</value>
         <object_component_ref idref="oc-653"/>
      </symbol>
      <symbol id="sm-dab">
         <name>__c28xabi_divi</name>
         <value>0x87d25</value>
         <object_component_ref idref="oc-653"/>
      </symbol>
      <symbol id="sm-db7">
         <name>__c28xabi_ltod</name>
         <value>0x87e91</value>
         <object_component_ref idref="oc-505"/>
      </symbol>
      <symbol id="sm-dc5">
         <name>_system_post_cinit</name>
         <value>0x82fff</value>
         <object_component_ref idref="oc-15e"/>
      </symbol>
      <symbol id="sm-dd4">
         <name>__TI_ltoa</name>
         <value>0x87a9c</value>
         <object_component_ref idref="oc-569"/>
      </symbol>
      <symbol id="sm-de9">
         <name>atoi</name>
         <value>0x87a6b</value>
         <object_component_ref idref="oc-55c"/>
      </symbol>
      <symbol id="sm-df4">
         <name>_ctypes_</name>
         <value>0x85123</value>
         <object_component_ref idref="oc-673"/>
      </symbol>
      <symbol id="sm-e04">
         <name>memccpy</name>
         <value>0x881aa</value>
         <object_component_ref idref="oc-587"/>
      </symbol>
      <symbol id="sm-e14">
         <name>strchr</name>
         <value>0x88208</value>
         <object_component_ref idref="oc-57b"/>
      </symbol>
      <symbol id="sm-e22">
         <name>strcpy</name>
         <value>0x88262</value>
         <object_component_ref idref="oc-581"/>
      </symbol>
      <symbol id="sm-e30">
         <name>copysign</name>
         <value>0x87c97</value>
         <object_component_ref idref="oc-683"/>
      </symbol>
      <symbol id="sm-e31">
         <name>copysignl</name>
         <value>0x87c97</value>
         <object_component_ref idref="oc-683"/>
      </symbol>
      <symbol id="sm-e40">
         <name>wcslen</name>
         <value>0x8821f</value>
         <object_component_ref idref="oc-58d"/>
      </symbol>
      <symbol id="sm-e42">
         <name>__c_args__</name>
         <value>0x0</value>
      </symbol>
   </symbol_table>
   <title>Link successful</title>
</link_info>
