******************************************************************************
             TMS320C2000 Linker Unix v20.2.5                   
******************************************************************************
>> Linked Tue Dec 14 15:34:33 2021

OUTPUT FILE NAME:   <sw20200507.out>
ENTRY POINT SYMBOL: "code_start"  address: 00080000


MEMORY CONFIGURATION

         name            origin    length      used     unused   attr    fill
----------------------  --------  ---------  --------  --------  ----  --------
PAGE 0:
  RAMM0                 000000f3   0000030d  00000000  0000030d  RWIX
  RAMLS0_CLAProg        00008000   00000800  0000012e  000006d2  RWIX
  RAMLS1                00008800   00000800  00000000  00000800  RWIX
  RAMLS2_C28Prog        00009000   00000800  00000136  000006ca  RWIX
  RAMLS3                00009800   00000800  00000000  00000800  RWIX
  B0_DCSM_OTP_Z1_LINKPO 00078000   0000000c  00000000  0000000c  RWIX
  B0_DCSM_OTP_Z1_GPREG  0007800c   00000004  00000000  00000004  RWIX
  B0_DCSM_OTP_Z1_PSWDLO 00078010   00000004  00000000  00000004  RWIX
  B0_DCSM_OTP_Z1_CRCLOC 00078014   00000004  00000000  00000004  RWIX
  B0_DCSM_OTP_Z1_BOOTCT 0007801c   00000004  00000000  00000004  RWIX
  B0_DCSM_ZSEL_Z1_P0    00078020   00000010  00000000  00000010  RWIX
  B0_DCSM_OTP_Z2_LINKPO 00078200   0000000c  00000000  0000000c  RWIX
  B0_DCSM_OTP_Z2_GPREG  0007820c   00000004  00000000  00000004  RWIX
  B0_DCSM_OTP_Z2_PSWDLO 00078210   00000004  00000000  00000004  RWIX
  B0_DCSM_OTP_Z2_CRCLOC 00078214   00000004  00000000  00000004  RWIX
  B0_DCSM_OTP_Z2_BOOTCT 0007821c   00000004  00000000  00000004  RWIX
  B0_DCSM_ZSEL_Z2_P0    00078220   00000010  00000000  00000010  RWIX
  B1_DCSM_OTP_Z1_LINKPO 00078400   0000000c  00000000  0000000c  RWIX
  B1_DCSM_ZSEL_Z1_P0    00078420   00000010  00000000  00000010  RWIX
  B1_DCSM_OTP_Z2_LINKPO 00078600   0000000c  00000000  0000000c  RWIX
  B1_DCSM_ZSEL_Z2_P0    00078620   00000010  00000000  00000010  RWIX
  BEGIN                 00080000   00000002  00000002  00000000  RWIX
  FLASH_BANK0_SEC0      00080002   00000ffe  00000000  00000ffe  RWIX
  FLASH_BANK0_SEC1      00081000   00001000  00000136  00000eca  RWIX
  FLASH_BANK0_SEC2      00082000   00001000  00001000  00000000  RWIX
  FLASH_BANK0_SEC3      00083000   00001000  00000fff  00000001  RWIX
  FLASH_BANK0_SEC4      00084000   00001000  00000ffc  00000004  RWIX
  FLASH_BANK0_SEC5_8    00085000   00004000  00003267  00000d99  RWIX
  FLASH_BANK0_SEC9_10   00089000   00002000  000001b8  00001e48  RWIX
  FLASH_BANK0_SEC11     0008b000   00001000  00000000  00001000  RWIX
  FLASH_BANK0_SEC12     0008c000   00001000  00000000  00001000  RWIX
  FLASH_BANK0_SEC13     0008d000   00001000  00000000  00001000  RWIX
  FLASH_BANK0_SEC14     0008e000   00001000  00000000  00001000  RWIX
  FLASH_BANK0_SEC15     0008f000   00001000  00000000  00001000  RWIX
  FLASH_BANK1_SEC0      00090000   00001000  00000000  00001000  RWIX
  FLASH_BANK1_SEC1      00091000   00001000  00000000  00001000  RWIX
  FLASH_BANK1_SEC2      00092000   00001000  00000000  00001000  RWIX
  FLASH_BANK1_SEC3      00093000   00001000  00000000  00001000  RWIX
  FLASH_BANK1_SEC4      00094000   00001000  00000000  00001000  RWIX
  FLASH_BANK1_SEC5      00095000   00001000  00000000  00001000  RWIX
  FLASH_BANK1_SEC6      00096000   00001000  00000000  00001000  RWIX
  FLASH_BANK1_SEC7      00097000   00001000  00000000  00001000  RWIX
  FLASH_BANK1_SEC8      00098000   00001000  00000000  00001000  RWIX
  FLASH_BANK1_SEC9      00099000   00001000  00000000  00001000  RWIX
  FLASH_BANK1_SEC10     0009a000   00001000  00000000  00001000  RWIX
  FLASH_BANK1_SEC11     0009b000   00001000  00000000  00001000  RWIX
  FLASH_BANK1_SEC12     0009c000   00001000  00000000  00001000  RWIX
  FLASH_BANK1_SEC13     0009d000   00001000  00000000  00001000  RWIX
  FLASH_BANK1_SEC14     0009e000   00001000  00000000  00001000  RWIX
  FLASH_BANK1_SEC15     0009f000   00000ff0  00000000  00000ff0  RWIX
  RESET                 003fffc0   00000002  00000000  00000002  RWIX

PAGE 1:
  BOOT_RSVD             00000002   000000f1  00000000  000000f1  RWIX
  RAMM1                 00000400   000003f8  00000100  000002f8  RWIX
  ADCARESULT            00000b00   00000018  00000000  00000018  RWIX
  ADCBRESULT            00000b20   00000018  00000018  00000000  RWIX
  ADCCRESULT            00000b40   00000018  00000000  00000018  RWIX
  CPUTIMER0             00000c00   00000008  00000000  00000008  RWIX
  CPUTIMER1             00000c08   00000008  00000000  00000008  RWIX
  CPUTIMER2             00000c10   00000008  00000000  00000008  RWIX
  PIECTRL               00000ce0   0000001a  00000000  0000001a  RWIX
  PIEVECTTABLE          00000d00   00000200  00000000  00000200  RWIX
  DMA                   00001000   00000200  00000000  00000200  RWIX
  CLA1                  00001400   00000080  00000000  00000080  RWIX
  CLA1_MSGRAMLOW        00001480   00000080  00000002  0000007e  RWIX
  CLA1_MSGRAMHIGH       00001500   00000080  0000000e  00000072  RWIX
  CLB1LOGICCFG          00003000   00000052  00000000  00000052  RWIX
  CLB1LOGICCTRL         00003100   00000040  00000000  00000040  RWIX
  CLB1DATAEXCH          00003200   00000200  00000000  00000200  RWIX
  CLB2LOGICCFG          00003400   00000052  00000000  00000052  RWIX
  CLB2LOGICCTRL         00003500   00000040  00000000  00000040  RWIX
  CLB2DATAEXCH          00003600   00000200  00000000  00000200  RWIX
  CLB3LOGICCFG          00003800   00000052  00000000  00000052  RWIX
  CLB3LOGICCTRL         00003900   00000040  00000000  00000040  RWIX
  CLB3DATAEXCH          00003a00   00000200  00000000  00000200  RWIX
  CLB4LOGICCFG          00003c00   00000052  00000000  00000052  RWIX
  CLB4LOGICCTRL         00003d00   00000040  00000000  00000040  RWIX
  CLB4DATAEXCH          00003e00   00000200  00000000  00000200  RWIX
  EPWM1                 00004000   00000100  00000000  00000100  RWIX
  EPWM2                 00004100   00000100  00000000  00000100  RWIX
  EPWM3                 00004200   00000100  00000100  00000000  RWIX
  EPWM4                 00004300   00000100  00000000  00000100  RWIX
  EPWM5                 00004400   00000100  00000000  00000100  RWIX
  EPWM6                 00004500   00000100  00000000  00000100  RWIX
  EPWM7                 00004600   00000100  00000100  00000000  RWIX
  EPWM8                 00004700   00000100  00000000  00000100  RWIX
  EQEP1                 00005100   00000040  00000000  00000040  RWIX
  EQEP2                 00005140   00000040  00000000  00000040  RWIX
  ECAP1                 00005200   0000001e  00000000  0000001e  RWIX
  ECAP2                 00005240   0000001e  00000000  0000001e  RWIX
  ECAP3                 00005280   0000001e  00000000  0000001e  RWIX
  ECAP4                 000052c0   0000001e  00000000  0000001e  RWIX
  ECAP5                 00005300   0000001e  00000000  0000001e  RWIX
  ECAP6                 00005340   0000001e  00000000  0000001e  RWIX
  HRCAP6                00005360   00000020  00000000  00000020  RWIX
  ECAP7                 00005380   0000001e  00000000  0000001e  RWIX
  HRCAP7                000053a0   00000020  00000000  00000020  RWIX
  PGA1                  00005b00   00000010  00000000  00000010  RWIX
  PGA2                  00005b10   00000010  00000000  00000010  RWIX
  PGA3                  00005b20   00000010  00000000  00000010  RWIX
  PGA4                  00005b30   00000010  00000000  00000010  RWIX
  PGA5                  00005b40   00000010  00000000  00000010  RWIX
  PGA6                  00005b50   00000010  00000000  00000010  RWIX
  PGA7                  00005b60   00000010  00000000  00000010  RWIX
  DACA                  00005c00   00000008  00000000  00000008  RWIX
  DACB                  00005c10   00000008  00000000  00000008  RWIX
  CMPSS1                00005c80   00000020  00000000  00000020  RWIX
  CMPSS2                00005ca0   00000020  00000000  00000020  RWIX
  CMPSS3                00005cc0   00000020  00000000  00000020  RWIX
  CMPSS4                00005ce0   00000020  00000000  00000020  RWIX
  CMPSS5                00005d00   00000020  00000000  00000020  RWIX
  CMPSS6                00005d20   00000020  00000000  00000020  RWIX
  CMPSS7                00005d40   00000020  00000000  00000020  RWIX
  SDFM1                 00005e00   00000070  00000000  00000070  RWIX
  SPIA                  00006100   00000010  00000000  00000010  RWIX
  SPIB                  00006110   00000010  00000000  00000010  RWIX
  CLAPROMCRC0           000061c0   00000020  00000000  00000020  RWIX
  PMBUSA                00006400   00000020  00000000  00000020  RWIX
  FSITXA                00006600   00000050  00000000  00000050  RWIX
  FSIRXA                00006680   00000050  00000000  00000050  RWIX
  LINA                  00006a00   000000ec  00000000  000000ec  RWIX
  WD                    00007000   0000002b  00000000  0000002b  RWIX
  NMIINTRUPT            00007060   00000007  00000000  00000007  RWIX
  XINT                  00007070   0000000b  00000000  0000000b  RWIX
  SCIA                  00007200   00000010  00000000  00000010  RWIX
  SCIB                  00007210   00000010  00000000  00000010  RWIX
  I2CA                  00007300   00000022  00000000  00000022  RWIX
  ADCA                  00007400   00000080  00000000  00000080  RWIX
  ADCB                  00007480   00000080  00000076  0000000a  RWIX
  ADCC                  00007500   00000080  00000000  00000080  RWIX
  INPUTXBAR             00007900   00000020  00000000  00000020  RWIX
  XBAR                  00007920   00000020  00000000  00000020  RWIX
  SYNCSOC               00007940   00000006  00000000  00000006  RWIX
  DMACLASRCSEL          00007980   0000001a  00000000  0000001a  RWIX
  EPWMXBAR              00007a00   00000040  00000000  00000040  RWIX
  CLBXBAR               00007a40   00000040  00000000  00000040  RWIX
  OUTPUTXBAR            00007a80   00000040  00000000  00000040  RWIX
  GPIOCTRL              00007c00   00000200  00000000  00000200  RWIX
  GPIODATA              00007f00   00000040  0000003a  00000006  RWIX
  RAMLS4_CLAData        0000a000   00000800  00000010  000007f0  RWIX
  RAMLS5                0000a800   00000800  00000000  00000800  RWIX
  RAMLS6_C28Data        0000b000   00000800  000000d3  0000072d  RWIX
  RAMLS7_C28Data        0000b800   00000800  0000040e  000003f2  RWIX
  RAMGS0                0000c000   00002000  00000000  00002000  RWIX
  RAMGS1                0000e000   00002000  00000000  00002000  RWIX
  RAMGS2                00010000   00002000  00000000  00002000  RWIX
  RAMGS3                00012000   00001ff8  00000000  00001ff8  RWIX
  CANA                  00048000   00000200  00000000  00000200  RWIX
  CANB                  0004a000   00000200  00000000  00000200  RWIX
  DEVCFG                0005d000   00000180  00000000  00000180  RWIX
  CLKCFG                0005d200   00000036  00000000  00000036  RWIX
  CPUSYS                0005d300   00000082  00000000  00000082  RWIX
  SYSPERIPHAC           0005d500   00000200  00000000  00000200  RWIX
  ANALOGSUBSYS          0005d700   00000090  00000000  00000090  RWIX
  DCC0                  0005e700   0000002c  00000000  0000002c  RWIX
  ERADGLOBAL            0005e800   00000013  00000000  00000013  RWIX
  ERADHWBP1             0005e900   00000008  00000000  00000008  RWIX
  ERADHWBP2             0005e908   00000008  00000000  00000008  RWIX
  ERADHWBP3             0005e910   00000008  00000000  00000008  RWIX
  ERADHWBP4             0005e918   00000008  00000000  00000008  RWIX
  ERADHWBP5             0005e920   00000008  00000000  00000008  RWIX
  ERADHWBP6             0005e928   00000008  00000000  00000008  RWIX
  ERADHWBP7             0005e930   00000008  00000000  00000008  RWIX
  ERADHWBP8             0005e938   00000008  00000000  00000008  RWIX
  ERADCOUNTER1          0005e980   00000010  00000000  00000010  RWIX
  ERADCOUNTER2          0005e990   00000010  00000000  00000010  RWIX
  ERADCOUNTER3          0005e9a0   00000010  00000000  00000010  RWIX
  ERADCOUNTER4          0005e9b0   00000010  00000000  00000010  RWIX
  DCSMBANK0Z1           0005f000   00000023  00000000  00000023  RWIX
  DCSMBANK0Z2           0005f040   00000023  00000000  00000023  RWIX
  DCSMCOMMON            0005f070   00000010  00000000  00000010  RWIX
  DCSMBANK1Z1           0005f100   00000023  00000000  00000023  RWIX
  DCSMBANK1Z2           0005f140   00000023  00000000  00000023  RWIX
  MEMCFG                0005f400   00000080  00000000  00000080  RWIX
  ACCESSPROTECTION      0005f4c0   00000040  00000000  00000040  RWIX
  MEMORYERROR           0005f500   00000040  00000000  00000040  RWIX
  FLASH0CTRL            0005f800   00000182  00000000  00000182  RWIX
  FLASH0ECC             0005fb00   00000028  00000000  00000028  RWIX


SECTION ALLOCATION MAP

 output                                  attributes/
section   page    origin      length       input sections
--------  ----  ----------  ----------   ----------------
codestart 
*          0    00080000    00000002     
                  00080000    00000002     f28004x_codestartbranch.obj (codestart)

.cinit     0    00089000    000001b8     
                  00089000    0000018b     (.cinit..data.load) [load image, compression = lzss]
                  0008918b    00000001     --HOLE-- [fill = 0]
                  0008918c    00000006     (__TI_handler_table)
                  00089192    00000004     (.cinit..bss.load) [load image, compression = zero_init]
                  00089196    00000004     (.cinit..bss_cla.load) [load image, compression = zero_init]
                  0008919a    00000004     (.cinit.Cla1ToCpuMsgRAM.load) [load image, compression = zero_init]
                  0008919e    00000004     (.cinit.CpuToCla1MsgRAM.load) [load image, compression = zero_init]
                  000891a2    00000002     --HOLE-- [fill = 0]
                  000891a4    00000014     (__TI_cinit_table)

.stack     1    00000400    00000100     UNINITIALIZED
                  00000400    00000100     --HOLE--

.init_array 
*          0    00081000    00000000     UNINITIALIZED

.bss       1    0000b000    000000d3     UNINITIALIZED
                  0000b000    00000062     mdlCAN.obj (.bss:slot)
                  0000b062    0000001e     mdlSM.obj (.bss)
                  0000b080    00000014     mdlMonitor.obj (.bss:cfg)
                  0000b094    00000014     main.obj (.bss:txt_string)
                  0000b0a8    0000000e     main.obj (.bss:discreteCoeffs)
                  0000b0b6    0000000e     main.obj (.bss:newControlTrips)
                  0000b0c4    0000000d     main.obj (.bss)
                  0000b0d1    00000002     mdlMonitor.obj (.bss:count)

.TI.ramfunc 
*          0    00081000    00000136     RUN ADDR = 00009000
                  00081000    00000044     driverlib_eabi.lib : flash.obj (.TI.ramfunc:Flash_initModule)
                  00081044    0000002d                        : flash.obj (.TI.ramfunc:Flash_setBankPowerMode)
                  00081071    00000026                        : flash.obj (.TI.ramfunc:Flash_setWaitstates)
                  00081097    0000001e                        : flash.obj (.TI.ramfunc:Flash_setPumpPowerMode)
                  000810b5    0000001a                        : flash.obj (.TI.ramfunc:Flash_disableCache)
                  000810cf    0000001a                        : flash.obj (.TI.ramfunc:Flash_disablePrefetch)
                  000810e9    00000019                        : flash.obj (.TI.ramfunc:Flash_enableCache)
                  00081102    00000019                        : flash.obj (.TI.ramfunc:Flash_enablePrefetch)
                  0008111b    00000017                        : flash.obj (.TI.ramfunc:Flash_enableECC)
                  00081132    00000004                        : sysctl.obj (.TI.ramfunc)

.data      1    0000b800    0000040e     UNINITIALIZED
                  0000b800    000001b2     mdlHAL.obj (.data:cfg)
                  0000b9b2    00000070     mdlCMPSS.obj (.data:cfg)
                  0000ba22    0000006c     mdlError.obj (.data:error)
                  0000ba8e    00000050     mdlEPWM.obj (.data:cfg)
                  0000bade    00000046     mdlCAN.obj (.data:cfgMsg)
                  0000bb24    00000032     mdlADC.obj (.data:soc)
                  0000bb56    00000024     main.obj (.data)
                  0000bb7a    0000001e     mdlADC.obj (.data:cfg)
                  0000bb98    0000001c     mdlEPWM.obj (.data:dc)
                  0000bbb4    00000018     mdlEPWM.obj (.data:tz)
                  0000bbcc    0000000c     mdlCAN.obj (.data:cfgMod)
                  0000bbd8    0000000c     mdlEPWM.obj (.data:et)
                  0000bbe4    0000000a     mdlSCI.obj (.data:cfg)
                  0000bbee    00000007     mdlCMPSS.obj (.data:enbdisCfg)
                  0000bbf5    00000001     rts2800_fpu32_eabi.lib : errno.c.obj (.data)
                  0000bbf6    00000006                            : exit.c.obj (.data)
                  0000bbfc    00000005     mdlSM.obj (.data:cfg)
                  0000bc01    00000001     --HOLE--
                  0000bc02    00000004     fullbridge.obj (.data)
                  0000bc06    00000003     mdlCAN.obj (.data)
                  0000bc09    00000001     --HOLE--
                  0000bc0a    00000002     rts2800_fpu32_eabi.lib : _lock.c.obj (.data:_lock)
                  0000bc0c    00000002                            : _lock.c.obj (.data:_unlock)

.const     0    00085000    00000e1c     
                  00085000    00000123     main.obj (.const:.string)
                  00085123    00000101     rts2800_fpu32_eabi.lib : ctype.c.obj (.const:.string:_ctypes_)
                  00085224    000000f0     driverlib_eabi.lib : flash.obj (.const:.string)
                  00085314    000000ef                        : gpio.obj (.const:.string)
                  00085403    00000001     --HOLE-- [fill = 0]
                  00085404    000000ef                        : sysctl.obj (.const:.string)
                  000854f3    00000001     --HOLE-- [fill = 0]
                  000854f4    000000ec                        : can.obj (.const:.string)
                  000855e0    000000ec                        : sci.obj (.const:.string)
                  000856cc    0000008d     mdlCMPSS.obj (.const:.string)
                  00085759    00000001     --HOLE-- [fill = 0]
                  0008575a    00000087     mdlADC.obj (.const:.string)
                  000857e1    00000001     --HOLE-- [fill = 0]
                  000857e2    00000087     mdlCAN.obj (.const:.string)
                  00085869    00000001     --HOLE-- [fill = 0]
                  0008586a    00000087     mdlSCI.obj (.const:.string)
                  000858f1    00000001     --HOLE-- [fill = 0]
                  000858f2    00000084     rts2800_fpu32_eabi.lib : k_rem_pio2.c.obj (.const:ipio2)
                  00085976    00000079     driverlib_eabi.lib : memcfg.obj (.const:.string)
                  000859ef    00000001     --HOLE-- [fill = 0]
                  000859f0    00000078                        : cmpss.obj (.const:.string)
                  00085a68    00000076                        : adc.obj (.const:.string)
                  00085ade    0000006d     mdlSM.obj (.const:.string)
                  00085b4b    00000001     --HOLE-- [fill = 0]
                  00085b4c    0000006c     mdlEPWM.obj (.const:.string)
                  00085bb8    0000006c     mdlHAL.obj (.const:.string)
                  00085c24    0000001c     rts2800_fpu32_eabi.lib : _printfi.c.obj (.const)
                  00085c40    00000064                            : e_rem_pio2.c.obj (.const)
                  00085ca4    00000040                            : k_tan.c.obj (.const:xxx)
                  00085ce4    00000030     main.obj (.const)
                  00085d14    0000002c     rts2800_fpu32_eabi.lib : k_rem_pio2.c.obj (.const)
                  00085d40    00000026                            : _printfi.c.obj (.const:.string)
                  00085d66    00000023     mdlError.obj (.const:.string)
                  00085d89    00000001     --HOLE-- [fill = 0]
                  00085d8a    00000021     fullbridge.obj (.const:.string)
                  00085dab    00000001     --HOLE-- [fill = 0]
                  00085dac    00000020     rts2800_fpu32_eabi.lib : k_rem_pio2.c.obj (.const:PIo2)
                  00085dcc    0000001c                            : s_scalbn.c.obj (.const)
                  00085de8    0000000c     fullbridge.obj (.const)
                  00085df4    0000000c     rts2800_fpu32_eabi.lib : s_floor.c.obj (.const)
                  00085e00    00000008     device.obj (.const)
                  00085e08    00000008     rts2800_fpu32_eabi.lib : k_tan.c.obj (.const)
                  00085e10    00000008                            : s_frexp.c.obj (.const)
                  00085e18    00000004                            : k_rem_pio2.c.obj (.const:init_jk)

.reset     0    003fffc0    00000000     DSECT

Cla1Prog   0    00084000    0000012e     RUN ADDR = 00008000
                  00084000    0000010e     inv_cla.obj (Cla1Prog:Cla1Task1)
                  0008410e    00000020     inv_cla.obj (Cla1Prog:Cla1Task2)

Cla1ToCpuMsgRAM 
*          1    00001480    00000002     UNINITIALIZED
                  00001480    00000002     main.obj (Cla1ToCpuMsgRAM)

CpuToCla1MsgRAM 
*          1    00001500    0000000e     UNINITIALIZED
                  00001500    0000000e     main.obj (CpuToCla1MsgRAM)

.bss_cla   1    0000a000    00000010     UNINITIALIZED
                  0000a000    00000006     inv_cla.obj (.bss_cla:ek)
                  0000a006    00000006     inv_cla.obj (.bss_cla:uk)
                  0000a00c    00000004     inv_cla.obj (.bss_cla)

.const_cla 
*          0    00008000    00000000     UNINITIALIZED

b0_dcsm_otp_z1_linkpointer 
*          0    00078000    00000000     DSECT

b0_dcsm_otp_z1_gpreg 
*          0    0007800c    00000000     DSECT

b0_dcsm_otp_z1_pswdlock 
*          0    00078010    00000000     DSECT

b0_dcsm_otp_z1_crclock 
*          0    00078014    00000000     DSECT

b0_dcsm_otp_z1_bootctrl 
*          0    0007801c    00000000     DSECT

b0_dcsm_zsel_z1 
*          0    00078020    00000000     DSECT

b0_dcsm_otp_z2_linkpointer 
*          0    00078200    00000000     DSECT

b0_dcsm_otp_z2_gpreg 
*          0    0007820c    00000000     DSECT

b0_dcsm_otp_z2_pswdlock 
*          0    00078210    00000000     DSECT

b0_dcsm_otp_z2_crclock 
*          0    00078214    00000000     DSECT

b0_dcsm_otp_z2_bootctrl 
*          0    0007821c    00000000     DSECT

b0_dcsm_zsel_z2 
*          0    00078220    00000000     DSECT

b1_dcsm_otp_z1_linkpointer 
*          0    00078400    00000000     DSECT

b1_dcsm_zsel_z1 
*          0    00078420    00000000     DSECT

b1_dcsm_otp_z2_linkpointer 
*          0    00078600    00000000     DSECT

b1_dcsm_zsel_z2 
*          0    00078620    00000000     DSECT

PieVectTableFile 
*          0    00000d00    00000000     DSECT

EmuKeyVar 
*          0    00000d00    00000000     DSECT

EmuBModeVar 
*          0    00000d00    00000000     DSECT

EmuBootPinsVar 
*          0    00000d00    00000000     DSECT

FlashCallbackVar 
*          0    00000d00    00000000     DSECT

FlashScalingVar 
*          0    00000d00    00000000     DSECT

AdcbRegsFile 
*          1    00007480    00000076     UNINITIALIZED
                  00007480    00000076     f28004x_globalvariabledefs.obj (AdcbRegsFile)

AdcbResultRegsFile 
*          1    00000b20    00000018     UNINITIALIZED
                  00000b20    00000018     f28004x_globalvariabledefs.obj (AdcbResultRegsFile)

EPwm3RegsFile 
*          1    00004200    00000100     UNINITIALIZED
                  00004200    00000100     f28004x_globalvariabledefs.obj (EPwm3RegsFile)

EPwm7RegsFile 
*          1    00004600    00000100     UNINITIALIZED
                  00004600    00000100     f28004x_globalvariabledefs.obj (EPwm7RegsFile)

GpioDataRegsFile 
*          1    00007f00    0000003a     UNINITIALIZED
                  00007f00    0000003a     f28004x_globalvariabledefs.obj (GpioDataRegsFile)

.text.1    0    00082000    00001000     
                  00082000    00000cf3     rts2800_fpu32_eabi.lib : _printfi.c.obj (.text)
                  00082cf3    000002d8                            : k_tan.c.obj (.text)
                  00082fcb    00000032                            : sprintf.c.obj (.text)
                  00082ffd    00000002     driverlib_eabi.lib : interrupt.obj (.text:Interrupt_illegalOperationHandler)
                  00082fff    00000001     rts2800_fpu32_eabi.lib : startup.c.obj (.text)

.text.2    0    00083000    00000fff     
                  00083000    00000853     main.obj (.text)
                  00083853    000006fc     mdlEPWM.obj (.text)
                  00083f4f    000000ae     rts2800_fpu32_eabi.lib : s_scalbn.c.obj (.text)
                  00083ffd    00000002     driverlib_eabi.lib : interrupt.obj (.text:Interrupt_nmiHandler)

.text.3    0    00084130    00000ece     
                  00084130    00000663     rts2800_fpu32_eabi.lib : k_rem_pio2.c.obj (.text)
                  00084793    00000430                            : e_rem_pio2.c.obj (.text)
                  00084bc3    000003ae     mdlSM.obj (.text)
                  00084f71    0000008b     rts2800_fpu32_eabi.lib : fd_div28.asm.obj (.text)
                  00084ffc    00000002                            : pre_init.c.obj (.text)

.text.4    0    00085e1c    0000244b     
                  00085e1c    00000376     mdlCMPSS.obj (.text)
                  00086192    000002b1     mdlCAN.obj (.text)
                  00086443    00000285     mdlADC.obj (.text)
                  000866c8    00000171     mdlError.obj (.text)
                  00086839    0000013a     fullbridge.obj (.text)
                  00086973    00000113     mdlSCI.obj (.text)
                  00086a86    0000010d     mdlHAL.obj (.text)
                  00086b93    00000107     rts2800_fpu32_eabi.lib : ll_div28.asm.obj (.text)
                  00086c9a    00000104     device.obj (.text)
                  00086d9e    000000e9     rts2800_fpu32_eabi.lib : s_floor.c.obj (.text)
                  00086e87    000000df     driverlib_eabi.lib : can.obj (.text:CAN_setupMessageObject)
                  00086f66    000000b6                        : sysctl.obj (.text:SysCtl_setClock)
                  0008701c    0000009c     rts2800_fpu32_eabi.lib : fd_add28.asm.obj (.text)
                  000870b8    0000009b     driverlib_eabi.lib : sysctl.obj (.text:SysCtl_isPLLValid)
                  00087153    0000008a     rts2800_fpu32_eabi.lib : s_tan.c.obj (.text)
                  000871dd    00000088                            : fs_div28.asm.obj (.text)
                  00087265    00000083                            : fd_mpy28.asm.obj (.text)
                  000872e8    0000007b     driverlib_eabi.lib : can.obj (.text:CAN_sendMessage)
                  00087363    0000006f     mdlMeasurement.obj (.text)
                  000873d2    0000006a     driverlib_eabi.lib : can.obj (.text:CAN_setBitTiming)
                  0008743c    00000064                        : adc.obj (.text:ADC_setVREF)
                  000874a0    00000064     mdlMonitor.obj (.text)
                  00087504    00000061     driverlib_eabi.lib : can.obj (.text:CAN_setBitRate)
                  00087565    0000005b                        : sysctl.obj (.text:SysCtl_selectOscSource)
                  000875c0    0000005a     rts2800_fpu32_eabi.lib : s_frexp.c.obj (.text)
                  0008761a    00000056     driverlib_eabi.lib : sysctl.obj (.text:DCC_setCounterSeeds)
                  00087670    00000052                        : gpio.obj (.text:GPIO_setPadConfig)
                  000876c2    00000051                        : sysctl.obj (.text:SysCtl_getClock)
                  00087713    00000049                        : cmpss.obj (.text:CMPSS_configFilterHigh)
                  0008775c    00000049                        : cmpss.obj (.text:CMPSS_configFilterLow)
                  000877a5    00000048                        : cmpss.obj (.text:CMPSS_configRamp)
                  000877ed    00000046                        : sci.obj (.text:SCI_clearInterruptStatus)
                  00087833    00000041                        : sci.obj (.text:SCI_writeCharArray)
                  00087874    0000003e                        : sci.obj (.text:SCI_setConfig)
                  000878b2    0000003d                        : interrupt.obj (.text:Interrupt_initModule)
                  000878ef    0000003b                        : gpio.obj (.text:GPIO_setAnalogMode)
                  0008792a    00000038                        : gpio.obj (.text:GPIO_setMasterCore)
                  00087962    00000038                        : gpio.obj (.text:GPIO_setQualificationMode)
                  0008799a    00000038                        : memcfg.obj (.text:MemCfg_setLSRAMMasterSel)
                  000879d2    00000037                        : gpio.obj (.text:GPIO_setPinConfig)
                  00087a09    00000031                        : gpio.obj (.text:GPIO_setDirectionMode)
                  00087a3a    00000031     rts2800_fpu32_eabi.lib : copy_decompress_lzss.c.obj (.text:decompress:lzss)
                  00087a6b    00000031                            : atoi.c.obj (.text)
                  00087a9c    00000030                            : _ltoa.c.obj (.text)
                  00087acc    0000002e     driverlib_eabi.lib : cmpss.obj (.text:CMPSS_isBaseValid)
                  00087afa    0000002e                        : xbar.obj (.text:XBAR_setEPWMMuxConfig)
                  00087b28    0000002b     rts2800_fpu32_eabi.lib : autoinit.c.obj (.text:__TI_auto_init_nobinit_nopinit)
                  00087b53    0000002b     mdlDebounce.obj (.text)
                  00087b7e    0000002b     mdlOpsMode.obj (.text)
                  00087ba9    0000002a     rts2800_fpu32_eabi.lib : fd_cmp28.asm.obj (.text)
                  00087bd3    0000002a                            : l_div28.asm.obj (.text)
                  00087bfd    00000029                            : exit.c.obj (.text)
                  00087c26    00000026     driverlib_eabi.lib : cla.obj (.text:CLA_setTriggerSource)
                  00087c4c    00000026                        : sysctl.obj (.text:SysCtl_pollX1Counter)
                  00087c72    00000025                        : sysctl.obj (.text:DCC_enableSingleShotMode)
                  00087c97    00000025     rts2800_fpu32_eabi.lib : s_copysign.c.obj (.text)
                  00087cbc    00000024     driverlib_eabi.lib : sysctl.obj (.text:SysCtl_selectXTAL)
                  00087ce0    00000023     rts2800_fpu32_eabi.lib : fd_tofsfpu32.asm.obj (.text)
                  00087d03    00000022     driverlib_eabi.lib : sci.obj (.text:SCI_isFIFOEnabled)
                  00087d25    00000022     rts2800_fpu32_eabi.lib : i_div28.asm.obj (.text)
                  00087d47    00000021                            : fd_toi28.asm.obj (.text)
                  00087d68    00000020     driverlib_eabi.lib : interrupt.obj (.text:Interrupt_initVectorTable)
                  00087d88    0000001f                        : sysctl.obj (.text:DCC_setCounter1ClkSource)
                  00087da7    0000001f     rts2800_fpu32_eabi.lib : fd_tol28.asm.obj (.text)
                  00087dc6    0000001e     driverlib_eabi.lib : can.obj (.text:CAN_initModule)
                  00087de4    0000001e     rts2800_fpu32_eabi.lib : ll_cmp28.asm.obj (.text)
                  00087e02    0000001d     driverlib_eabi.lib : sysctl.obj (.text:DCC_setCounter0ClkSource)
                  00087e1f    0000001d     rts2800_fpu32_eabi.lib : i_tofd28.asm.obj (.text)
                  00087e3c    0000001d                            : memcpy.c.obj (.text)
                  00087e59    0000001c     driverlib_eabi.lib : can.obj (.text:CAN_writeDataReg)
                  00087e75    0000001c     rts2800_fpu32_eabi.lib : fs_tofdfpu32.asm.obj (.text)
                  00087e91    0000001c                            : l_tofd28.asm.obj (.text)
                  00087ead    0000001b     driverlib_eabi.lib : can.obj (.text:CAN_initRAM)
                  00087ec8    0000001b                        : sci.obj (.text:SCI_isSpaceAvailableNonFIFO)
                  00087ee3    0000001b     rts2800_fpu32_eabi.lib : fd_toul28.asm.obj (.text)
                  00087efe    0000001a     driverlib_eabi.lib : adc.obj (.text:ADC_isBaseValid)
                  00087f18    0000001a     SMHandler.obj (.text)
                  00087f32    0000001a     driverlib_eabi.lib : sysctl.obj (.text:SysCtl_getLowSpeedClock)
                  00087f4c    0000001a                        : sysctl.obj (.text:SysCtl_selectXTALSingleEnded)
                  00087f66    0000001a     rts2800_fpu32_eabi.lib : fd_tou28.asm.obj (.text)
                  00087f80    00000019     driverlib_eabi.lib : sci.obj (.text:SCI_disableModule)
                  00087f99    00000019                        : sci.obj (.text:SCI_performSoftwareReset)
                  00087fb2    00000019     rts2800_fpu32_eabi.lib : prolog28.asm.obj (.text)
                  00087fcb    00000018                            : ll_aox28.asm.obj (.text)
                  00087fe3    00000017     driverlib_eabi.lib : sysctl.obj (.text:DCC_disableDoneSignal)
                  00087ffa    00000017                        : sysctl.obj (.text:DCC_enableDoneSignal)
                  00088011    00000017                        : sysctl.obj (.text:SysCtl_enablePeripheral)
                  00088028    00000017     rts2800_fpu32_eabi.lib : boot28.asm.obj (.text)
                  0008803f    00000017                            : u_tofd28.asm.obj (.text)
                  00088056    00000016     driverlib_eabi.lib : sysctl.obj (.text:DCC_clearDoneFlag)
                  0008806c    00000016                        : sysctl.obj (.text:DCC_clearErrorFlag)
                  00088082    00000016                        : sysctl.obj (.text:DCC_disableErrorSignal)
                  00088098    00000016                        : sysctl.obj (.text:DCC_enableErrorSignal)
                  000880ae    00000016     rts2800_fpu32_eabi.lib : ul_tofd28.asm.obj (.text)
                  000880c4    00000015     driverlib_eabi.lib : can.obj (.text:CAN_isBaseValid)
                  000880d9    00000015                        : sci.obj (.text:SCI_getTxFIFOStatus)
                  000880ee    00000015                        : sci.obj (.text:SCI_isBaseValid)
                  00088103    00000015     rts2800_fpu32_eabi.lib : strncpy.c.obj (.text)
                  00088118    00000014     driverlib_eabi.lib : sysctl.obj (.text:DCC_disableModule)
                  0008812c    00000014                        : sysctl.obj (.text:DCC_enableModule)
                  00088140    00000014                        : gpio.obj (.text:GPIO_isPinValid)
                  00088154    00000014                        : sci.obj (.text:SCI_enableModule)
                  00088168    00000012     rts2800_fpu32_eabi.lib : strncat.c.obj (.text)
                  0008817a    00000010     driverlib_eabi.lib : sysctl.obj (.text:DCC_isBaseValid)
                  0008818a    00000010                        : flash.obj (.text:Flash_isCtrlBaseValid)
                  0008819a    00000010                        : flash.obj (.text:Flash_isECCBaseValid)
                  000881aa    00000010     rts2800_fpu32_eabi.lib : memccpy.c.obj (.text)
                  000881ba    0000000e     driverlib_eabi.lib : interrupt.obj (.text:Interrupt_defaultHandler)
                  000881c8    0000000e     rts2800_fpu32_eabi.lib : fd_sub28.asm.obj (.text)
                  000881d6    0000000d     driverlib_eabi.lib : interrupt.obj (.text:Interrupt_disableMaster)
                  000881e3    0000000d     rts2800_fpu32_eabi.lib : copy_zero_init.c.obj (.text:decompress:ZI:__TI_zero_init_nomemset)
                  000881f0    0000000c                            : args_main.c.obj (.text)
                  000881fc    0000000c                            : epilog28.asm.obj (.text)
                  00088208    0000000c                            : strchr.c.obj (.text)
                  00088214    0000000b     driverlib_eabi.lib : sysctl.obj (.text:SysCtl_isMCDClockFailureDetected)
                  0008821f    0000000b     rts2800_fpu32_eabi.lib : wcslen.c.obj (.text)
                  0008822a    00000009                            : _lock.c.obj (.text)
                  00088233    00000009                            : fd_neg28.asm.obj (.text)
                  0008823c    00000008                            : copy_decompress_none.c.obj (.text:decompress:none)
                  00088244    00000008     f28004x_codestartbranch.obj (.text)
                  0008824c    00000008     rts2800_fpu32_eabi.lib : strlen.c.obj (.text)
                  00088254    00000007     driverlib_eabi.lib : sysctl.obj (.text:SysCtl_resetMCD)
                  0008825b    00000007     rts2800_fpu32_eabi.lib : memset.c.obj (.text)
                  00088262    00000005                            : strcpy.c.obj (.text)

MODULE SUMMARY

       Module                           code    ro data   rw data
       ------                           ----    -------   -------
    ./
       main.obj                         2131    339       113    
       f28004x_globalvariabledefs.obj   0       0         712    
       inv_cla.obj                      604     0         16     
       fullbridge.obj                   314     45        4      
    +--+--------------------------------+-------+---------+---------+
       Total:                           3049    384       845    
                                                                 
    ./_module/mdlADC/
       mdlADC.obj                       645     135       80     
    +--+--------------------------------+-------+---------+---------+
       Total:                           645     135       80     
                                                                 
    ./_module/mdlCAN/
       mdlCAN.obj                       689     135       183    
    +--+--------------------------------+-------+---------+---------+
       Total:                           689     135       183    
                                                                 
    ./_module/mdlCMPSS/
       mdlCMPSS.obj                     886     141       119    
    +--+--------------------------------+-------+---------+---------+
       Total:                           886     141       119    
                                                                 
    ./_module/mdlDebounce/
       mdlDebounce.obj                  43      0         0      
    +--+--------------------------------+-------+---------+---------+
       Total:                           43      0         0      
                                                                 
    ./_module/mdlEPWM/
       mdlEPWM.obj                      1788    108       144    
    +--+--------------------------------+-------+---------+---------+
       Total:                           1788    108       144    
                                                                 
    ./_module/mdlError/
       mdlError.obj                     369     35        108    
    +--+--------------------------------+-------+---------+---------+
       Total:                           369     35        108    
                                                                 
    ./_module/mdlHAL/
       mdlHAL.obj                       269     108       434    
    +--+--------------------------------+-------+---------+---------+
       Total:                           269     108       434    
                                                                 
    ./_module/mdlMeasurement/
       mdlMeasurement.obj               111     0         0      
    +--+--------------------------------+-------+---------+---------+
       Total:                           111     0         0      
                                                                 
    ./_module/mdlMonitor/
       mdlMonitor.obj                   100     0         22     
    +--+--------------------------------+-------+---------+---------+
       Total:                           100     0         22     
                                                                 
    ./_module/mdlOpsMode/
       mdlOpsMode.obj                   43      0         0      
    +--+--------------------------------+-------+---------+---------+
       Total:                           43      0         0      
                                                                 
    ./_module/mdlSCI/
       mdlSCI.obj                       275     135       10     
    +--+--------------------------------+-------+---------+---------+
       Total:                           275     135       10     
                                                                 
    ./_module/mdlSM/
       mdlSM.obj                        942     109       35     
       SMHandler.obj                    26      0         0      
    +--+--------------------------------+-------+---------+---------+
       Total:                           968     109       35     
                                                                 
    ./device/
       device.obj                       260     8         0      
       f28004x_codestartbranch.obj      10      0         0      
    +--+--------------------------------+-------+---------+---------+
       Total:                           270     8         0      
                                                                 
    ../f28004x_driverlib/driverlib/f28004x/driverlib/ccs/Debug/driverlib_eabi.lib
       sysctl.obj                       1057    239       0      
       can.obj                          655     236       0      
       flash.obj                        644     240       0      
       gpio.obj                         377     239       0      
       sci.obj                          370     236       0      
       cmpss.obj                        264     120       0      
       adc.obj                          126     118       0      
       memcfg.obj                       56      121       0      
       interrupt.obj                    124     0         0      
       xbar.obj                         46      0         0      
       cla.obj                          38      0         0      
    +--+--------------------------------+-------+---------+---------+
       Total:                           3757    1549      0      
                                                                 
    /home/cicdserver/ti/ccs1040/ccs/tools/compiler/ti-cgt-c2000_20.2.5.LTS/lib/rts2800_fpu32_eabi.lib
       _printfi.c.obj                   3315    66        0      
       k_rem_pio2.c.obj                 1635    212       0      
       e_rem_pio2.c.obj                 1072    100       0      
       k_tan.c.obj                      728     72        0      
       ll_div28.asm.obj                 263     0         0      
       ctype.c.obj                      0       257       0      
       s_floor.c.obj                    233     12        0      
       s_scalbn.c.obj                   174     28        0      
       fd_add28.asm.obj                 156     0         0      
       fd_div28.asm.obj                 139     0         0      
       s_tan.c.obj                      138     0         0      
       fs_div28.asm.obj                 136     0         0      
       fd_mpy28.asm.obj                 131     0         0      
       s_frexp.c.obj                    90      8         0      
       sprintf.c.obj                    50      0         0      
       atoi.c.obj                       49      0         0      
       copy_decompress_lzss.c.obj       49      0         0      
       _ltoa.c.obj                      48      0         0      
       exit.c.obj                       41      0         6      
       autoinit.c.obj                   43      0         0      
       fd_cmp28.asm.obj                 42      0         0      
       l_div28.asm.obj                  42      0         0      
       s_copysign.c.obj                 37      0         0      
       fd_tofsfpu32.asm.obj             35      0         0      
       i_div28.asm.obj                  34      0         0      
       fd_toi28.asm.obj                 33      0         0      
       fd_tol28.asm.obj                 31      0         0      
       ll_cmp28.asm.obj                 30      0         0      
       i_tofd28.asm.obj                 29      0         0      
       memcpy.c.obj                     29      0         0      
       fs_tofdfpu32.asm.obj             28      0         0      
       l_tofd28.asm.obj                 28      0         0      
       fd_toul28.asm.obj                27      0         0      
       fd_tou28.asm.obj                 26      0         0      
       prolog28.asm.obj                 25      0         0      
       ll_aox28.asm.obj                 24      0         0      
       boot28.asm.obj                   23      0         0      
       u_tofd28.asm.obj                 23      0         0      
       ul_tofd28.asm.obj                22      0         0      
       strncpy.c.obj                    21      0         0      
       strncat.c.obj                    18      0         0      
       memccpy.c.obj                    16      0         0      
       fd_sub28.asm.obj                 14      0         0      
       _lock.c.obj                      9       0         4      
       copy_zero_init.c.obj             13      0         0      
       args_main.c.obj                  12      0         0      
       epilog28.asm.obj                 12      0         0      
       strchr.c.obj                     12      0         0      
       wcslen.c.obj                     11      0         0      
       fd_neg28.asm.obj                 9       0         0      
       copy_decompress_none.c.obj       8       0         0      
       strlen.c.obj                     8       0         0      
       memset.c.obj                     7       0         0      
       strcpy.c.obj                     5       0         0      
       pre_init.c.obj                   2       0         0      
       errno.c.obj                      0       0         1      
       startup.c.obj                    1       0         0      
    +--+--------------------------------+-------+---------+---------+
       Total:                           9236    755       11     
                                                                 
       Stack:                           0       0         256    
       Linker Generated:                0       437       0      
    +--+--------------------------------+-------+---------+---------+
       Grand Total:                     22498   4039      2247   


LINKER GENERATED COPY TABLES

__TI_cinit_table @ 000891a4 records: 5, size/record: 4, table size: 20
	.data: load addr=00089000, load size=0000018b bytes, run addr=0000b800, run size=0000040e bytes, compression=lzss
	.bss: load addr=00089192, load size=00000004 bytes, run addr=0000b000, run size=000000d3 bytes, compression=zero_init
	.bss_cla: load addr=00089196, load size=00000004 bytes, run addr=0000a000, run size=00000010 bytes, compression=zero_init
	Cla1ToCpuMsgRAM: load addr=0008919a, load size=00000004 bytes, run addr=00001480, run size=00000002 bytes, compression=zero_init
	CpuToCla1MsgRAM: load addr=0008919e, load size=00000004 bytes, run addr=00001500, run size=0000000e bytes, compression=zero_init


LINKER GENERATED HANDLER TABLE

__TI_handler_table @ 0008918c records: 3, size/record: 2, table size: 6
	index: 0, handler: __TI_zero_init
	index: 1, handler: __TI_decompress_lzss
	index: 2, handler: __TI_decompress_none


GLOBAL DATA SYMBOLS: SORTED BY DATA PAGE

address     data page           name
--------    ----------------    ----
00000400      10 (00000400)     __stack

00000b20      2c (00000b00)     AdcbResultRegs

00001480      52 (00001480)     phase_setpoint

00001500      54 (00001500)     phase_limit
00001502      54 (00001500)     I_gyr_ref_cla
00001504      54 (00001500)     b2
00001506      54 (00001500)     b1
00001508      54 (00001500)     b0
0000150a      54 (00001500)     a1
0000150c      54 (00001500)     a0

00004200     108 (00004200)     EPwm3Regs

00004600     118 (00004600)     EPwm7Regs

00007480     1d2 (00007480)     AdcbRegs

00007f00     1fc (00007f00)     GpioDataRegs

0000a000     280 (0000a000)     ek
0000a006     280 (0000a000)     uk
0000a00c     280 (0000a000)     ss_count
0000a00e     280 (0000a000)     delta

0000b06c     2c1 (0000b040)     theINV
0000b070     2c1 (0000b040)     timeout
0000b074     2c1 (0000b040)     transOPERATE
0000b078     2c1 (0000b040)     transSTANDBY
0000b07c     2c1 (0000b040)     clearERROR

0000b094     2c2 (0000b080)     txt_string
0000b0a8     2c2 (0000b080)     discreteCoeffs
0000b0b6     2c2 (0000b080)     newControlTrips

0000b0c4     2c3 (0000b0c0)     clearSignal
0000b0c5     2c3 (0000b0c0)     enableSignal
0000b0c6     2c3 (0000b0c0)     OPS_Mode
0000b0c8     2c3 (0000b0c0)     I_gyr_ref
0000b0ca     2c3 (0000b0c0)     IV_TripsUpdate
0000b0cd     2c3 (0000b0c0)     V_TripsUpdate

0000bb56     2ed (0000bb40)     EnableFlags
0000bb5a     2ed (0000bb40)     Temp_A
0000bb5c     2ed (0000bb40)     Temp_B
0000bb5e     2ed (0000bb40)     Temp_gyr
0000bb60     2ed (0000bb40)     Temp_gyr_avg
0000bb62     2ed (0000bb40)     Temp_uC
0000bb64     2ed (0000bb40)     Temp_max
0000bb66     2ed (0000bb40)     V_24V
0000bb68     2ed (0000bb40)     V_bus
0000bb6a     2ed (0000bb40)     I_inv
0000bb6c     2ed (0000bb40)     I_inv_avg
0000bb6e     2ed (0000bb40)     I_inv_rms
0000bb70     2ed (0000bb40)     P_out
0000bb72     2ed (0000bb40)     V_out
0000bb74     2ed (0000bb40)     I_out
0000bb76     2ed (0000bb40)     V_gyr
0000bb78     2ed (0000bb40)     I_gyr

0000bbf5     2ef (0000bbc0)     errno
0000bbf6     2ef (0000bbc0)     __TI_enable_exit_profile_output
0000bbf8     2ef (0000bbc0)     __TI_cleanup_ptr
0000bbfa     2ef (0000bbc0)     __TI_dtors_ptr

0000bc0a     2f0 (0000bc00)     _lock
0000bc0c     2f0 (0000bc00)     _unlock

00085123    2144 (00085100)     _ctypes_


GLOBAL SYMBOLS: SORTED ALPHABETICALLY BY Name 

page  address   name                           
----  -------   ----                           
0     0008743c  ADC_setVREF                    
1     00007480  AdcbRegs                       
1     00000b20  AdcbResultRegs                 
0     00087bfd  C$$EXIT                        
0     00087dc6  CAN_initModule                 
0     000872e8  CAN_sendMessage                
0     00087504  CAN_setBitRate                 
0     000873d2  CAN_setBitTiming               
0     00086e87  CAN_setupMessageObject         
0     00087c26  CLA_setTriggerSource           
0     00087713  CMPSS_configFilterHigh         
0     0008775c  CMPSS_configFilterLow          
0     000877a5  CMPSS_configRamp               
abs   00000000  Cla1ConstLoadSize              
0     00008000  Cla1ConstLoadStart             
0     00008000  Cla1ConstRunStart              
abs   0000012e  Cla1ProgLoadSize               
0     00084000  Cla1ProgLoadStart              
0     00008000  Cla1ProgRunStart               
0     00008000  Cla1Task1                      
0     0000810e  Cla1Task2                      
0     00086cc6  Device_enableAllPeripherals    
0     00086d3d  Device_init                    
0     00086c9d  Device_initGPIO                
1     00004200  EPwm3Regs                      
1     00004600  EPwm7Regs                      
1     0000bb56  EnableFlags                    
0     00009000  Flash_initModule               
0     000878ef  GPIO_setAnalogMode             
0     00087a09  GPIO_setDirectionMode          
0     0008792a  GPIO_setMasterCore             
0     00087670  GPIO_setPadConfig              
0     000879d2  GPIO_setPinConfig              
0     00087962  GPIO_setQualificationMode      
1     00007f00  GpioDataRegs                   
1     0000b0ca  IV_TripsUpdate                 
1     0000bb78  I_gyr                          
1     0000b0c8  I_gyr_ref                      
1     00001502  I_gyr_ref_cla                  
1     0000bb6a  I_inv                          
1     0000bb6c  I_inv_avg                      
1     0000bb6e  I_inv_rms                      
1     0000bb74  I_out                          
0     000878b2  Interrupt_initModule           
0     00087d68  Interrupt_initVectorTable      
0     0008799a  MemCfg_setLSRAMMasterSel       
1     0000b0c6  OPS_Mode                       
1     0000bb70  P_out                          
0     00081136  RamfuncsLoadEnd                
abs   00000136  RamfuncsLoadSize               
0     00081000  RamfuncsLoadStart              
0     00009136  RamfuncsRunEnd                 
abs   00000136  RamfuncsRunSize                
0     00009000  RamfuncsRunStart               
0     000877ed  SCI_clearInterruptStatus       
0     00087874  SCI_setConfig                  
0     00087833  SCI_writeCharArray             
0     00087f1e  SM_exec                        
0     00087f18  SM_init                        
0     00009132  SysCtl_delay                   
0     000876c2  SysCtl_getClock                
0     00087f32  SysCtl_getLowSpeedClock        
0     000870b8  SysCtl_isPLLValid              
0     00087565  SysCtl_selectOscSource         
0     00087cbc  SysCtl_selectXTAL              
0     00087f4c  SysCtl_selectXTALSingleEnded   
0     00086f66  SysCtl_setClock                
1     0000bb5a  Temp_A                         
1     0000bb5c  Temp_B                         
1     0000bb5e  Temp_gyr                       
1     0000bb60  Temp_gyr_avg                   
1     0000bb64  Temp_max                       
1     0000bb62  Temp_uC                        
1     0000bb66  V_24V                          
1     0000b0cd  V_TripsUpdate                  
1     0000bb68  V_bus                          
1     0000bb76  V_gyr                          
1     0000bb72  V_out                          
0     00087afa  XBAR_setEPWMMuxConfig          
0     000891a4  __TI_CINIT_Base                
0     000891b8  __TI_CINIT_Limit               
0     0008918c  __TI_Handler_Table_Base        
0     00089192  __TI_Handler_Table_Limit       
1     00000500  __TI_STACK_END                 
abs   00000100  __TI_STACK_SIZE                
0     00087b28  __TI_auto_init_nobinit_nopinit 
1     0000bbf8  __TI_cleanup_ptr               
0     00087a3a  __TI_decompress_lzss           
0     0008823c  __TI_decompress_none           
1     0000bbfa  __TI_dtors_ptr                 
1     0000bbf6  __TI_enable_exit_profile_output
0     00087a9c  __TI_ltoa                      
abs   ffffffff  __TI_pprof_out_hndl            
0     00082b62  __TI_printfi                   
abs   ffffffff  __TI_prof_data_size            
abs   ffffffff  __TI_prof_data_start           
0     000881e3  __TI_zero_init_nomemset        
0     0008701c  __c28xabi_addd                 
0     00087fcb  __c28xabi_andll                
0     00087ba9  __c28xabi_cmpd                 
0     00087de4  __c28xabi_cmpll                
0     00087df6  __c28xabi_cmpull               
0     00084f71  __c28xabi_divd                 
0     000871dd  __c28xabi_divf                 
0     00087d25  __c28xabi_divi                 
0     00087bd3  __c28xabi_divl                 
0     00086b93  __c28xabi_divll                
0     00087bf0  __c28xabi_divul                
0     00086c09  __c28xabi_divull               
0     00087ce0  __c28xabi_dtof                 
0     00087d47  __c28xabi_dtoi                 
0     00087da7  __c28xabi_dtol                 
0     00087f66  __c28xabi_dtou                 
0     00087ee3  __c28xabi_dtoul                
0     00087e75  __c28xabi_ftod                 
0     00087e1f  __c28xabi_itod                 
0     00087e91  __c28xabi_ltod                 
0     00087d36  __c28xabi_modi                 
0     00087be2  __c28xabi_modl                 
0     00086bcf  __c28xabi_modll                
0     00087bf7  __c28xabi_modul                
0     00086c38  __c28xabi_modull               
0     00087265  __c28xabi_mpyd                 
0     00088233  __c28xabi_negd                 
0     00087fd3  __c28xabi_orll                 
0     000881c8  __c28xabi_subd                 
0     000880ae  __c28xabi_ultod                
0     0008803f  __c28xabi_utod                 
0     00087fdb  __c28xabi_xorll                
n/a   UNDEFED   __c_args__                     
0     00086c9a  __error__                      
0     00084130  __kernel_rem_pio2              
0     00082cf3  __kernel_tan                   
0     00084793  __rem_pio2                     
1     00000400  __stack                        
0     000881f0  _args_main                     
0     00088028  _c_int00                       
0     00085123  _ctypes_                       
0     000881fc  _epilog_c28x_1                 
0     00088200  _epilog_c28x_2                 
1     0000bc0a  _lock                          
0     00088232  _nop                           
0     00087fb2  _prolog_c28x_1                 
0     00087fb6  _prolog_c28x_2                 
0     00087fbe  _prolog_c28x_3                 
0     0008822e  _register_lock                 
0     0008822a  _register_unlock               
0     00082fff  _system_post_cinit             
0     00084ffc  _system_pre_init               
1     0000bc0c  _unlock                        
1     0000150c  a0                             
1     0000150a  a1                             
0     00087bfd  abort                          
0     00087a6b  atoi                           
1     00001508  b0                             
1     00001506  b1                             
1     00001504  b2                             
1     0000b07c  clearERROR                     
1     0000b0c4  clearSignal                    
0     00080000  code_start                     
0     00087c97  copysign                       
0     00087c97  copysignl                      
1     0000a00e  delta                          
1     0000b0a8  discreteCoeffs                 
1     0000a000  ek                             
1     0000b0c5  enableSignal                   
1     0000bbf5  errno                          
0     00087bff  exit                           
0     00086d9e  floor                          
0     00086d9e  floorl                         
0     000875c0  frexp                          
0     000875c0  frexpl                         
0     00086948  fullbridge_disable             
0     00086916  fullbridge_enable              
0     00086915  fullbridge_init                
0     000868d5  fullbridge_rampPhase           
0     00086866  fullbridge_rampRef             
0     0008685b  fullbridge_resetPhase          
0     00086850  fullbridge_resetRef            
0     00086839  fullbridge_updatePeakRef       
0     00083f4f  ldexp                          
0     00083f4f  ldexpl                         
0     00083722  main                           
0     0008667e  mdlADC_init                    
0     0008656a  mdlADC_initADC                 
0     0008649a  mdlADC_initSOC                 
0     00086473  mdlADC_readResult              
0     00086443  mdlADC_startConversion         
0     0008643b  mdlCAN_dataUpdated             
0     00086433  mdlCAN_dataWait                
0     00086402  mdlCAN_exec                    
0     0008630d  mdlCAN_getDataRef              
0     000862d5  mdlCAN_init                    
0     000861e0  mdlCAN_transmitMessage         
0     00086192  mdlCAN_updateData              
0     00085ef0  mdlCMPSS_DACinitValue          
0     000860d6  mdlCMPSS_DACvalueUpdate        
0     000860a6  mdlCMPSS_clearCompLatch        
0     0008606c  mdlCMPSS_deinit_development    
0     00085f05  mdlCMPSS_init                  
0     00085eaa  mdlCMPSS_initCMPMux            
0     00085e85  mdlCMPSS_isCompLatched         
0     00085e60  mdlCMPSS_isErrorStillPresent   
0     00085e44  mdlCMPSS_setMaxRampValue       
0     00087b7c  mdlDebounce_getState           
0     00087b6f  mdlDebounce_init               
0     00087b53  mdlDebounce_update             
0     00083ec6  mdlEPWM_clearTripZoneFlags     
0     00083e9b  mdlEPWM_forceTripZone          
0     00083cc8  mdlEPWM_init                   
0     00083bb0  mdlEPWM_initDeadband           
0     00083a75  mdlEPWM_initDigitalCompare     
0     00083926  mdlEPWM_initEventTriggers      
0     000838c4  mdlEPWM_initTripZones          
0     00083880  mdlEPWM_isTripZoneFlagged      
0     00086795  mdlError_clear                 
0     00086788  mdlError_get                   
0     00086784  mdlError_getErrorCode          
0     00086776  mdlError_init                  
0     00086769  mdlError_isEnabled             
0     000866c8  mdlError_set                   
0     00086b8b  mdlHAL_getPinNumber            
0     00086b18  mdlHAL_init                    
0     00086aed  mdlHAL_readPin                 
0     00086ac2  mdlHAL_togglePin               
0     00086a86  mdlHAL_writePin                
0     000873c9  mdlMeasurement_init            
0     00087363  mdlMeasurement_update          
0     000874b0  mdlMonitor_call                
0     000874b3  mdlMonitor_exec                
0     000874ab  mdlMonitor_init                
0     000874a0  mdlMonitor_reset               
0     00087b7e  mdlOpsMode_getMode             
0     00087ba6  mdlOpsMode_init                
0     0008697e  mdlSCI_init                    
0     00086973  mdlSCI_writeCharArray          
0     00084ef9  mdlSM_Boot                     
0     00084e55  mdlSM_Error                    
0     00084de9  mdlSM_Idle                     
0     00084cbb  mdlSM_Operate                  
0     00084d61  mdlSM_Standby                  
0     00084f6c  mdlSM_exec                     
0     00084bd0  mdlSM_flagError                
0     00084f65  mdlSM_getStateID               
0     00084bc3  mdlSM_init                     
0     000881aa  memccpy                        
0     00087e3c  memcpy                         
0     0008825b  memset                         
1     0000b0b6  newControlTrips                
1     00001500  phase_limit                    
1     00001480  phase_setpoint                 
0     00083f4f  scalbn                         
0     00083f4f  scalbnl                        
0     00082fcb  sprintf                        
1     0000a00c  ss_count                       
0     00088208  strchr                         
0     00088262  strcpy                         
0     0008824c  strlen                         
0     00088168  strncat                        
0     00088103  strncpy                        
0     00087153  tan                            
0     00087153  tanl                           
1     0000b06c  theINV                         
1     0000b070  timeout                        
1     0000b074  transOPERATE                   
1     0000b078  transSTANDBY                   
1     0000b094  txt_string                     
1     0000a006  uk                             
0     0008821f  wcslen                         


GLOBAL SYMBOLS: SORTED BY Symbol Address 

page  address   name                           
----  -------   ----                           
0     00008000  Cla1ConstLoadStart             
0     00008000  Cla1ConstRunStart              
0     00008000  Cla1ProgRunStart               
0     00008000  Cla1Task1                      
0     0000810e  Cla1Task2                      
0     00009000  Flash_initModule               
0     00009000  RamfuncsRunStart               
0     00009132  SysCtl_delay                   
0     00009136  RamfuncsRunEnd                 
0     00080000  code_start                     
0     00081000  RamfuncsLoadStart              
0     00081136  RamfuncsLoadEnd                
0     00082b62  __TI_printfi                   
0     00082cf3  __kernel_tan                   
0     00082fcb  sprintf                        
0     00082fff  _system_post_cinit             
0     00083722  main                           
0     00083880  mdlEPWM_isTripZoneFlagged      
0     000838c4  mdlEPWM_initTripZones          
0     00083926  mdlEPWM_initEventTriggers      
0     00083a75  mdlEPWM_initDigitalCompare     
0     00083bb0  mdlEPWM_initDeadband           
0     00083cc8  mdlEPWM_init                   
0     00083e9b  mdlEPWM_forceTripZone          
0     00083ec6  mdlEPWM_clearTripZoneFlags     
0     00083f4f  ldexp                          
0     00083f4f  ldexpl                         
0     00083f4f  scalbn                         
0     00083f4f  scalbnl                        
0     00084000  Cla1ProgLoadStart              
0     00084130  __kernel_rem_pio2              
0     00084793  __rem_pio2                     
0     00084bc3  mdlSM_init                     
0     00084bd0  mdlSM_flagError                
0     00084cbb  mdlSM_Operate                  
0     00084d61  mdlSM_Standby                  
0     00084de9  mdlSM_Idle                     
0     00084e55  mdlSM_Error                    
0     00084ef9  mdlSM_Boot                     
0     00084f65  mdlSM_getStateID               
0     00084f6c  mdlSM_exec                     
0     00084f71  __c28xabi_divd                 
0     00084ffc  _system_pre_init               
0     00085123  _ctypes_                       
0     00085e44  mdlCMPSS_setMaxRampValue       
0     00085e60  mdlCMPSS_isErrorStillPresent   
0     00085e85  mdlCMPSS_isCompLatched         
0     00085eaa  mdlCMPSS_initCMPMux            
0     00085ef0  mdlCMPSS_DACinitValue          
0     00085f05  mdlCMPSS_init                  
0     0008606c  mdlCMPSS_deinit_development    
0     000860a6  mdlCMPSS_clearCompLatch        
0     000860d6  mdlCMPSS_DACvalueUpdate        
0     00086192  mdlCAN_updateData              
0     000861e0  mdlCAN_transmitMessage         
0     000862d5  mdlCAN_init                    
0     0008630d  mdlCAN_getDataRef              
0     00086402  mdlCAN_exec                    
0     00086433  mdlCAN_dataWait                
0     0008643b  mdlCAN_dataUpdated             
0     00086443  mdlADC_startConversion         
0     00086473  mdlADC_readResult              
0     0008649a  mdlADC_initSOC                 
0     0008656a  mdlADC_initADC                 
0     0008667e  mdlADC_init                    
0     000866c8  mdlError_set                   
0     00086769  mdlError_isEnabled             
0     00086776  mdlError_init                  
0     00086784  mdlError_getErrorCode          
0     00086788  mdlError_get                   
0     00086795  mdlError_clear                 
0     00086839  fullbridge_updatePeakRef       
0     00086850  fullbridge_resetRef            
0     0008685b  fullbridge_resetPhase          
0     00086866  fullbridge_rampRef             
0     000868d5  fullbridge_rampPhase           
0     00086915  fullbridge_init                
0     00086916  fullbridge_enable              
0     00086948  fullbridge_disable             
0     00086973  mdlSCI_writeCharArray          
0     0008697e  mdlSCI_init                    
0     00086a86  mdlHAL_writePin                
0     00086ac2  mdlHAL_togglePin               
0     00086aed  mdlHAL_readPin                 
0     00086b18  mdlHAL_init                    
0     00086b8b  mdlHAL_getPinNumber            
0     00086b93  __c28xabi_divll                
0     00086bcf  __c28xabi_modll                
0     00086c09  __c28xabi_divull               
0     00086c38  __c28xabi_modull               
0     00086c9a  __error__                      
0     00086c9d  Device_initGPIO                
0     00086cc6  Device_enableAllPeripherals    
0     00086d3d  Device_init                    
0     00086d9e  floor                          
0     00086d9e  floorl                         
0     00086e87  CAN_setupMessageObject         
0     00086f66  SysCtl_setClock                
0     0008701c  __c28xabi_addd                 
0     000870b8  SysCtl_isPLLValid              
0     00087153  tan                            
0     00087153  tanl                           
0     000871dd  __c28xabi_divf                 
0     00087265  __c28xabi_mpyd                 
0     000872e8  CAN_sendMessage                
0     00087363  mdlMeasurement_update          
0     000873c9  mdlMeasurement_init            
0     000873d2  CAN_setBitTiming               
0     0008743c  ADC_setVREF                    
0     000874a0  mdlMonitor_reset               
0     000874ab  mdlMonitor_init                
0     000874b0  mdlMonitor_call                
0     000874b3  mdlMonitor_exec                
0     00087504  CAN_setBitRate                 
0     00087565  SysCtl_selectOscSource         
0     000875c0  frexp                          
0     000875c0  frexpl                         
0     00087670  GPIO_setPadConfig              
0     000876c2  SysCtl_getClock                
0     00087713  CMPSS_configFilterHigh         
0     0008775c  CMPSS_configFilterLow          
0     000877a5  CMPSS_configRamp               
0     000877ed  SCI_clearInterruptStatus       
0     00087833  SCI_writeCharArray             
0     00087874  SCI_setConfig                  
0     000878b2  Interrupt_initModule           
0     000878ef  GPIO_setAnalogMode             
0     0008792a  GPIO_setMasterCore             
0     00087962  GPIO_setQualificationMode      
0     0008799a  MemCfg_setLSRAMMasterSel       
0     000879d2  GPIO_setPinConfig              
0     00087a09  GPIO_setDirectionMode          
0     00087a3a  __TI_decompress_lzss           
0     00087a6b  atoi                           
0     00087a9c  __TI_ltoa                      
0     00087afa  XBAR_setEPWMMuxConfig          
0     00087b28  __TI_auto_init_nobinit_nopinit 
0     00087b53  mdlDebounce_update             
0     00087b6f  mdlDebounce_init               
0     00087b7c  mdlDebounce_getState           
0     00087b7e  mdlOpsMode_getMode             
0     00087ba6  mdlOpsMode_init                
0     00087ba9  __c28xabi_cmpd                 
0     00087bd3  __c28xabi_divl                 
0     00087be2  __c28xabi_modl                 
0     00087bf0  __c28xabi_divul                
0     00087bf7  __c28xabi_modul                
0     00087bfd  C$$EXIT                        
0     00087bfd  abort                          
0     00087bff  exit                           
0     00087c26  CLA_setTriggerSource           
0     00087c97  copysign                       
0     00087c97  copysignl                      
0     00087cbc  SysCtl_selectXTAL              
0     00087ce0  __c28xabi_dtof                 
0     00087d25  __c28xabi_divi                 
0     00087d36  __c28xabi_modi                 
0     00087d47  __c28xabi_dtoi                 
0     00087d68  Interrupt_initVectorTable      
0     00087da7  __c28xabi_dtol                 
0     00087dc6  CAN_initModule                 
0     00087de4  __c28xabi_cmpll                
0     00087df6  __c28xabi_cmpull               
0     00087e1f  __c28xabi_itod                 
0     00087e3c  memcpy                         
0     00087e75  __c28xabi_ftod                 
0     00087e91  __c28xabi_ltod                 
0     00087ee3  __c28xabi_dtoul                
0     00087f18  SM_init                        
0     00087f1e  SM_exec                        
0     00087f32  SysCtl_getLowSpeedClock        
0     00087f4c  SysCtl_selectXTALSingleEnded   
0     00087f66  __c28xabi_dtou                 
0     00087fb2  _prolog_c28x_1                 
0     00087fb6  _prolog_c28x_2                 
0     00087fbe  _prolog_c28x_3                 
0     00087fcb  __c28xabi_andll                
0     00087fd3  __c28xabi_orll                 
0     00087fdb  __c28xabi_xorll                
0     00088028  _c_int00                       
0     0008803f  __c28xabi_utod                 
0     000880ae  __c28xabi_ultod                
0     00088103  strncpy                        
0     00088168  strncat                        
0     000881aa  memccpy                        
0     000881c8  __c28xabi_subd                 
0     000881e3  __TI_zero_init_nomemset        
0     000881f0  _args_main                     
0     000881fc  _epilog_c28x_1                 
0     00088200  _epilog_c28x_2                 
0     00088208  strchr                         
0     0008821f  wcslen                         
0     0008822a  _register_unlock               
0     0008822e  _register_lock                 
0     00088232  _nop                           
0     00088233  __c28xabi_negd                 
0     0008823c  __TI_decompress_none           
0     0008824c  strlen                         
0     0008825b  memset                         
0     00088262  strcpy                         
0     0008918c  __TI_Handler_Table_Base        
0     00089192  __TI_Handler_Table_Limit       
0     000891a4  __TI_CINIT_Base                
0     000891b8  __TI_CINIT_Limit               
1     00000400  __stack                        
1     00000500  __TI_STACK_END                 
1     00000b20  AdcbResultRegs                 
1     00001480  phase_setpoint                 
1     00001500  phase_limit                    
1     00001502  I_gyr_ref_cla                  
1     00001504  b2                             
1     00001506  b1                             
1     00001508  b0                             
1     0000150a  a1                             
1     0000150c  a0                             
1     00004200  EPwm3Regs                      
1     00004600  EPwm7Regs                      
1     00007480  AdcbRegs                       
1     00007f00  GpioDataRegs                   
1     0000a000  ek                             
1     0000a006  uk                             
1     0000a00c  ss_count                       
1     0000a00e  delta                          
1     0000b06c  theINV                         
1     0000b070  timeout                        
1     0000b074  transOPERATE                   
1     0000b078  transSTANDBY                   
1     0000b07c  clearERROR                     
1     0000b094  txt_string                     
1     0000b0a8  discreteCoeffs                 
1     0000b0b6  newControlTrips                
1     0000b0c4  clearSignal                    
1     0000b0c5  enableSignal                   
1     0000b0c6  OPS_Mode                       
1     0000b0c8  I_gyr_ref                      
1     0000b0ca  IV_TripsUpdate                 
1     0000b0cd  V_TripsUpdate                  
1     0000bb56  EnableFlags                    
1     0000bb5a  Temp_A                         
1     0000bb5c  Temp_B                         
1     0000bb5e  Temp_gyr                       
1     0000bb60  Temp_gyr_avg                   
1     0000bb62  Temp_uC                        
1     0000bb64  Temp_max                       
1     0000bb66  V_24V                          
1     0000bb68  V_bus                          
1     0000bb6a  I_inv                          
1     0000bb6c  I_inv_avg                      
1     0000bb6e  I_inv_rms                      
1     0000bb70  P_out                          
1     0000bb72  V_out                          
1     0000bb74  I_out                          
1     0000bb76  V_gyr                          
1     0000bb78  I_gyr                          
1     0000bbf5  errno                          
1     0000bbf6  __TI_enable_exit_profile_output
1     0000bbf8  __TI_cleanup_ptr               
1     0000bbfa  __TI_dtors_ptr                 
1     0000bc0a  _lock                          
1     0000bc0c  _unlock                        
abs   00000000  Cla1ConstLoadSize              
abs   00000100  __TI_STACK_SIZE                
abs   0000012e  Cla1ProgLoadSize               
abs   00000136  RamfuncsLoadSize               
abs   00000136  RamfuncsRunSize                
abs   ffffffff  __TI_pprof_out_hndl            
abs   ffffffff  __TI_prof_data_size            
abs   ffffffff  __TI_prof_data_start           
n/a   UNDEFED   __c_args__                     

[269 symbols]
